[    0.000000] Linux version 5.15.136 (mobina@ubuntu) (gcc (Ubuntu 9.4.0-1ubuntu1~20.04.2) 9.4.0, GNU ld (GNU Binutils for Ubuntu) 2.34) #1 SMP Sun Oct 22 05:42:28 PDT 2023
[    0.000000] Command line: BOOT_IMAGE=/boot/vmlinuz-5.15.136 root=UUID=32c23d53-6c4b-4a8a-8d4b-86a98332d4fe ro find_preseed=/preseed.cfg auto noprompt priority=critical locale=en_US quiet
[    0.000000] KERNEL supported cpus:
[    0.000000]   Intel GenuineIntel
[    0.000000]   AMD AuthenticAMD
[    0.000000]   Hygon HygonGenuine
[    0.000000]   Centaur CentaurHauls
[    0.000000]   zhaoxin   Shanghai  
[    0.000000] BIOS-provided physical RAM map:
[    0.000000] BIOS-e820: [mem 0x0000000000000000-0x000000000009e7ff] usable
[    0.000000] BIOS-e820: [mem 0x000000000009e800-0x000000000009ffff] reserved
[    0.000000] BIOS-e820: [mem 0x00000000000dc000-0x00000000000fffff] reserved
[    0.000000] BIOS-e820: [mem 0x0000000000100000-0x00000000bfecffff] usable
[    0.000000] BIOS-e820: [mem 0x00000000bfed0000-0x00000000bfefefff] ACPI data
[    0.000000] BIOS-e820: [mem 0x00000000bfeff000-0x00000000bfefffff] ACPI NVS
[    0.000000] BIOS-e820: [mem 0x00000000bff00000-0x00000000bfffffff] usable
[    0.000000] BIOS-e820: [mem 0x00000000f0000000-0x00000000f7ffffff] reserved
[    0.000000] BIOS-e820: [mem 0x00000000fec00000-0x00000000fec0ffff] reserved
[    0.000000] BIOS-e820: [mem 0x00000000fee00000-0x00000000fee00fff] reserved
[    0.000000] BIOS-e820: [mem 0x00000000fffe0000-0x00000000ffffffff] reserved
[    0.000000] BIOS-e820: [mem 0x0000000100000000-0x00000002b7ffffff] usable
[    0.000000] NX (Execute Disable) protection: active
[    0.000000] SMBIOS 2.7 present.
[    0.000000] DMI: VMware, Inc. VMware Virtual Platform/440BX Desktop Reference Platform, BIOS 6.00 11/12/2020
[    0.000000] vmware: hypercall mode: 0x02
[    0.000000] Hypervisor detected: VMware
[    0.000000] vmware: TSC freq read from hypervisor : 2803.212 MHz
[    0.000000] vmware: Host bus clock speed read from hypervisor : 66000000 Hz
[    0.000000] vmware: using clock offset of 7585437302 ns
[    0.000020] tsc: Detected 2803.212 MHz processor
[    0.002250] e820: update [mem 0x00000000-0x00000fff] usable ==> reserved
[    0.002256] e820: remove [mem 0x000a0000-0x000fffff] usable
[    0.002266] last_pfn = 0x2b8000 max_arch_pfn = 0x400000000
[    0.002313] x86/PAT: Configuration [0-7]: WB  WC  UC- UC  WB  WP  UC- WT  
[    0.002335] total RAM covered: 261120M
[    0.002488]  gran_size: 64K 	chunk_size: 64K 	num_reg: 8  	lose cover RAM: 0G
[    0.002492]  gran_size: 64K 	chunk_size: 128K 	num_reg: 8  	lose cover RAM: 0G
[    0.002494]  gran_size: 64K 	chunk_size: 256K 	num_reg: 8  	lose cover RAM: 0G
[    0.002496]  gran_size: 64K 	chunk_size: 512K 	num_reg: 8  	lose cover RAM: 0G
[    0.002499]  gran_size: 64K 	chunk_size: 1M 	num_reg: 8  	lose cover RAM: 0G
[    0.002501]  gran_size: 64K 	chunk_size: 2M 	num_reg: 8  	lose cover RAM: 0G
[    0.002503]  gran_size: 64K 	chunk_size: 4M 	num_reg: 8  	lose cover RAM: 0G
[    0.002506]  gran_size: 64K 	chunk_size: 8M 	num_reg: 8  	lose cover RAM: 0G
[    0.002508]  gran_size: 64K 	chunk_size: 16M 	num_reg: 8  	lose cover RAM: 0G
[    0.002510]  gran_size: 64K 	chunk_size: 32M 	num_reg: 8  	lose cover RAM: 0G
[    0.002512]  gran_size: 64K 	chunk_size: 64M 	num_reg: 8  	lose cover RAM: 0G
[    0.002514]  gran_size: 64K 	chunk_size: 128M 	num_reg: 8  	lose cover RAM: 0G
[    0.002515]  gran_size: 64K 	chunk_size: 256M 	num_reg: 8  	lose cover RAM: 0G
[    0.002517]  gran_size: 64K 	chunk_size: 512M 	num_reg: 8  	lose cover RAM: 0G
[    0.002518]  gran_size: 64K 	chunk_size: 1G 	num_reg: 8  	lose cover RAM: 0G
[    0.002520]  gran_size: 64K 	chunk_size: 2G 	num_reg: 8  	lose cover RAM: 0G
[    0.002523]  gran_size: 128K 	chunk_size: 128K 	num_reg: 8  	lose cover RAM: 0G
[    0.002525]  gran_size: 128K 	chunk_size: 256K 	num_reg: 8  	lose cover RAM: 0G
[    0.002527]  gran_size: 128K 	chunk_size: 512K 	num_reg: 8  	lose cover RAM: 0G
[    0.002530]  gran_size: 128K 	chunk_size: 1M 	num_reg: 8  	lose cover RAM: 0G
[    0.002532]  gran_size: 128K 	chunk_size: 2M 	num_reg: 8  	lose cover RAM: 0G
[    0.002534]  gran_size: 128K 	chunk_size: 4M 	num_reg: 8  	lose cover RAM: 0G
[    0.002536]  gran_size: 128K 	chunk_size: 8M 	num_reg: 8  	lose cover RAM: 0G
[    0.002537]  gran_size: 128K 	chunk_size: 16M 	num_reg: 8  	lose cover RAM: 0G
[    0.002539]  gran_size: 128K 	chunk_size: 32M 	num_reg: 8  	lose cover RAM: 0G
[    0.002541]  gran_size: 128K 	chunk_size: 64M 	num_reg: 8  	lose cover RAM: 0G
[    0.002542]  gran_size: 128K 	chunk_size: 128M 	num_reg: 8  	lose cover RAM: 0G
[    0.002543]  gran_size: 128K 	chunk_size: 256M 	num_reg: 8  	lose cover RAM: 0G
[    0.002545]  gran_size: 128K 	chunk_size: 512M 	num_reg: 8  	lose cover RAM: 0G
[    0.002546]  gran_size: 128K 	chunk_size: 1G 	num_reg: 8  	lose cover RAM: 0G
[    0.002548]  gran_size: 128K 	chunk_size: 2G 	num_reg: 8  	lose cover RAM: 0G
[    0.002549]  gran_size: 256K 	chunk_size: 256K 	num_reg: 8  	lose cover RAM: 0G
[    0.002551]  gran_size: 256K 	chunk_size: 512K 	num_reg: 8  	lose cover RAM: 0G
[    0.002552]  gran_size: 256K 	chunk_size: 1M 	num_reg: 8  	lose cover RAM: 0G
[    0.002553]  gran_size: 256K 	chunk_size: 2M 	num_reg: 8  	lose cover RAM: 0G
[    0.002555]  gran_size: 256K 	chunk_size: 4M 	num_reg: 8  	lose cover RAM: 0G
[    0.002556]  gran_size: 256K 	chunk_size: 8M 	num_reg: 8  	lose cover RAM: 0G
[    0.002558]  gran_size: 256K 	chunk_size: 16M 	num_reg: 8  	lose cover RAM: 0G
[    0.002559]  gran_size: 256K 	chunk_size: 32M 	num_reg: 8  	lose cover RAM: 0G
[    0.002560]  gran_size: 256K 	chunk_size: 64M 	num_reg: 8  	lose cover RAM: 0G
[    0.002562]  gran_size: 256K 	chunk_size: 128M 	num_reg: 8  	lose cover RAM: 0G
[    0.002563]  gran_size: 256K 	chunk_size: 256M 	num_reg: 8  	lose cover RAM: 0G
[    0.002565]  gran_size: 256K 	chunk_size: 512M 	num_reg: 8  	lose cover RAM: 0G
[    0.002566]  gran_size: 256K 	chunk_size: 1G 	num_reg: 8  	lose cover RAM: 0G
[    0.002568]  gran_size: 256K 	chunk_size: 2G 	num_reg: 8  	lose cover RAM: 0G
[    0.002569]  gran_size: 512K 	chunk_size: 512K 	num_reg: 8  	lose cover RAM: 0G
[    0.002570]  gran_size: 512K 	chunk_size: 1M 	num_reg: 8  	lose cover RAM: 0G
[    0.002572]  gran_size: 512K 	chunk_size: 2M 	num_reg: 8  	lose cover RAM: 0G
[    0.002573]  gran_size: 512K 	chunk_size: 4M 	num_reg: 8  	lose cover RAM: 0G
[    0.002575]  gran_size: 512K 	chunk_size: 8M 	num_reg: 8  	lose cover RAM: 0G
[    0.002577]  gran_size: 512K 	chunk_size: 16M 	num_reg: 8  	lose cover RAM: 0G
[    0.002579]  gran_size: 512K 	chunk_size: 32M 	num_reg: 8  	lose cover RAM: 0G
[    0.002581]  gran_size: 512K 	chunk_size: 64M 	num_reg: 8  	lose cover RAM: 0G
[    0.002583]  gran_size: 512K 	chunk_size: 128M 	num_reg: 8  	lose cover RAM: 0G
[    0.002586]  gran_size: 512K 	chunk_size: 256M 	num_reg: 8  	lose cover RAM: 0G
[    0.002588]  gran_size: 512K 	chunk_size: 512M 	num_reg: 8  	lose cover RAM: 0G
[    0.002590]  gran_size: 512K 	chunk_size: 1G 	num_reg: 8  	lose cover RAM: 0G
[    0.002593]  gran_size: 512K 	chunk_size: 2G 	num_reg: 8  	lose cover RAM: 0G
[    0.002595]  gran_size: 1M 	chunk_size: 1M 	num_reg: 8  	lose cover RAM: 0G
[    0.002597]  gran_size: 1M 	chunk_size: 2M 	num_reg: 8  	lose cover RAM: 0G
[    0.002600]  gran_size: 1M 	chunk_size: 4M 	num_reg: 8  	lose cover RAM: 0G
[    0.002602]  gran_size: 1M 	chunk_size: 8M 	num_reg: 8  	lose cover RAM: 0G
[    0.002605]  gran_size: 1M 	chunk_size: 16M 	num_reg: 8  	lose cover RAM: 0G
[    0.002607]  gran_size: 1M 	chunk_size: 32M 	num_reg: 8  	lose cover RAM: 0G
[    0.002609]  gran_size: 1M 	chunk_size: 64M 	num_reg: 8  	lose cover RAM: 0G
[    0.002611]  gran_size: 1M 	chunk_size: 128M 	num_reg: 8  	lose cover RAM: 0G
[    0.002614]  gran_size: 1M 	chunk_size: 256M 	num_reg: 8  	lose cover RAM: 0G
[    0.002616]  gran_size: 1M 	chunk_size: 512M 	num_reg: 8  	lose cover RAM: 0G
[    0.002618]  gran_size: 1M 	chunk_size: 1G 	num_reg: 8  	lose cover RAM: 0G
[    0.002620]  gran_size: 1M 	chunk_size: 2G 	num_reg: 8  	lose cover RAM: 0G
[    0.002622]  gran_size: 2M 	chunk_size: 2M 	num_reg: 8  	lose cover RAM: 0G
[    0.002624]  gran_size: 2M 	chunk_size: 4M 	num_reg: 8  	lose cover RAM: 0G
[    0.002626]  gran_size: 2M 	chunk_size: 8M 	num_reg: 8  	lose cover RAM: 0G
[    0.002628]  gran_size: 2M 	chunk_size: 16M 	num_reg: 8  	lose cover RAM: 0G
[    0.002631]  gran_size: 2M 	chunk_size: 32M 	num_reg: 8  	lose cover RAM: 0G
[    0.002633]  gran_size: 2M 	chunk_size: 64M 	num_reg: 8  	lose cover RAM: 0G
[    0.002634]  gran_size: 2M 	chunk_size: 128M 	num_reg: 8  	lose cover RAM: 0G
[    0.002636]  gran_size: 2M 	chunk_size: 256M 	num_reg: 8  	lose cover RAM: 0G
[    0.002637]  gran_size: 2M 	chunk_size: 512M 	num_reg: 8  	lose cover RAM: 0G
[    0.002638]  gran_size: 2M 	chunk_size: 1G 	num_reg: 8  	lose cover RAM: 0G
[    0.002640]  gran_size: 2M 	chunk_size: 2G 	num_reg: 8  	lose cover RAM: 0G
[    0.002641]  gran_size: 4M 	chunk_size: 4M 	num_reg: 8  	lose cover RAM: 0G
[    0.002643]  gran_size: 4M 	chunk_size: 8M 	num_reg: 8  	lose cover RAM: 0G
[    0.002644]  gran_size: 4M 	chunk_size: 16M 	num_reg: 8  	lose cover RAM: 0G
[    0.002645]  gran_size: 4M 	chunk_size: 32M 	num_reg: 8  	lose cover RAM: 0G
[    0.002647]  gran_size: 4M 	chunk_size: 64M 	num_reg: 8  	lose cover RAM: 0G
[    0.002648]  gran_size: 4M 	chunk_size: 128M 	num_reg: 8  	lose cover RAM: 0G
[    0.002650]  gran_size: 4M 	chunk_size: 256M 	num_reg: 8  	lose cover RAM: 0G
[    0.002651]  gran_size: 4M 	chunk_size: 512M 	num_reg: 8  	lose cover RAM: 0G
[    0.002654]  gran_size: 4M 	chunk_size: 1G 	num_reg: 8  	lose cover RAM: 0G
[    0.002656]  gran_size: 4M 	chunk_size: 2G 	num_reg: 8  	lose cover RAM: 0G
[    0.002658]  gran_size: 8M 	chunk_size: 8M 	num_reg: 8  	lose cover RAM: 0G
[    0.002660]  gran_size: 8M 	chunk_size: 16M 	num_reg: 8  	lose cover RAM: 0G
[    0.002663]  gran_size: 8M 	chunk_size: 32M 	num_reg: 8  	lose cover RAM: 0G
[    0.002665]  gran_size: 8M 	chunk_size: 64M 	num_reg: 8  	lose cover RAM: 0G
[    0.002667]  gran_size: 8M 	chunk_size: 128M 	num_reg: 8  	lose cover RAM: 0G
[    0.002670]  gran_size: 8M 	chunk_size: 256M 	num_reg: 8  	lose cover RAM: 0G
[    0.002672]  gran_size: 8M 	chunk_size: 512M 	num_reg: 8  	lose cover RAM: 0G
[    0.002673]  gran_size: 8M 	chunk_size: 1G 	num_reg: 8  	lose cover RAM: 0G
[    0.002674]  gran_size: 8M 	chunk_size: 2G 	num_reg: 8  	lose cover RAM: 0G
[    0.002676]  gran_size: 16M 	chunk_size: 16M 	num_reg: 8  	lose cover RAM: 0G
[    0.002677]  gran_size: 16M 	chunk_size: 32M 	num_reg: 8  	lose cover RAM: 0G
[    0.002679]  gran_size: 16M 	chunk_size: 64M 	num_reg: 8  	lose cover RAM: 0G
[    0.002680]  gran_size: 16M 	chunk_size: 128M 	num_reg: 8  	lose cover RAM: 0G
[    0.002682]  gran_size: 16M 	chunk_size: 256M 	num_reg: 8  	lose cover RAM: 0G
[    0.002684]  gran_size: 16M 	chunk_size: 512M 	num_reg: 8  	lose cover RAM: 0G
[    0.002686]  gran_size: 16M 	chunk_size: 1G 	num_reg: 8  	lose cover RAM: 0G
[    0.002688]  gran_size: 16M 	chunk_size: 2G 	num_reg: 8  	lose cover RAM: 0G
[    0.002690]  gran_size: 32M 	chunk_size: 32M 	num_reg: 8  	lose cover RAM: 0G
[    0.002692]  gran_size: 32M 	chunk_size: 64M 	num_reg: 8  	lose cover RAM: 0G
[    0.002694]  gran_size: 32M 	chunk_size: 128M 	num_reg: 8  	lose cover RAM: 0G
[    0.002696]  gran_size: 32M 	chunk_size: 256M 	num_reg: 8  	lose cover RAM: 0G
[    0.002698]  gran_size: 32M 	chunk_size: 512M 	num_reg: 8  	lose cover RAM: 0G
[    0.002701]  gran_size: 32M 	chunk_size: 1G 	num_reg: 8  	lose cover RAM: 0G
[    0.002703]  gran_size: 32M 	chunk_size: 2G 	num_reg: 8  	lose cover RAM: 0G
[    0.002704]  gran_size: 64M 	chunk_size: 64M 	num_reg: 8  	lose cover RAM: 0G
[    0.002706]  gran_size: 64M 	chunk_size: 128M 	num_reg: 8  	lose cover RAM: 0G
[    0.002707]  gran_size: 64M 	chunk_size: 256M 	num_reg: 8  	lose cover RAM: 0G
[    0.002709]  gran_size: 64M 	chunk_size: 512M 	num_reg: 8  	lose cover RAM: 0G
[    0.002710]  gran_size: 64M 	chunk_size: 1G 	num_reg: 8  	lose cover RAM: 0G
[    0.002711]  gran_size: 64M 	chunk_size: 2G 	num_reg: 8  	lose cover RAM: 0G
[    0.002713]  gran_size: 128M 	chunk_size: 128M 	num_reg: 8  	lose cover RAM: 0G
[    0.002714]  gran_size: 128M 	chunk_size: 256M 	num_reg: 8  	lose cover RAM: 0G
[    0.002716]  gran_size: 128M 	chunk_size: 512M 	num_reg: 8  	lose cover RAM: 0G
[    0.002717]  gran_size: 128M 	chunk_size: 1G 	num_reg: 8  	lose cover RAM: 0G
[    0.002719]  gran_size: 128M 	chunk_size: 2G 	num_reg: 8  	lose cover RAM: 0G
[    0.002720]  gran_size: 256M 	chunk_size: 256M 	num_reg: 8  	lose cover RAM: 0G
[    0.002721]  gran_size: 256M 	chunk_size: 512M 	num_reg: 8  	lose cover RAM: 0G
[    0.002723]  gran_size: 256M 	chunk_size: 1G 	num_reg: 8  	lose cover RAM: 0G
[    0.002724]  gran_size: 256M 	chunk_size: 2G 	num_reg: 8  	lose cover RAM: 0G
[    0.002726]  gran_size: 512M 	chunk_size: 512M 	num_reg: 8  	lose cover RAM: 0G
[    0.002727]  gran_size: 512M 	chunk_size: 1G 	num_reg: 8  	lose cover RAM: 0G
[    0.002729]  gran_size: 512M 	chunk_size: 2G 	num_reg: 8  	lose cover RAM: 0G
[    0.002730]  gran_size: 1G 	chunk_size: 1G 	num_reg: 8  	lose cover RAM: 0G
[    0.002731]  gran_size: 1G 	chunk_size: 2G 	num_reg: 8  	lose cover RAM: 0G
[    0.002733]  gran_size: 2G 	chunk_size: 2G 	num_reg: 7  	lose cover RAM: 1G
[    0.002734] mtrr_cleanup: can not find optimal value
[    0.002735] please specify mtrr_gran_size/mtrr_chunk_size
[    0.002747] e820: update [mem 0xc0000000-0xffffffff] usable ==> reserved
[    0.002758] last_pfn = 0xc0000 max_arch_pfn = 0x400000000
[    0.014062] found SMP MP-table at [mem 0x000f6a70-0x000f6a7f]
[    0.014091] Using GB pages for direct mapping
[    0.014280] RAMDISK: [mem 0x3473d000-0x36395fff]
[    0.014287] ACPI: Early table checksum verification disabled
[    0.014292] ACPI: RSDP 0x00000000000F6A00 000024 (v02 PTLTD )
[    0.014297] ACPI: XSDT 0x00000000BFEDB633 00005C (v01 INTEL  440BX    06040000 VMW  01324272)
[    0.014305] ACPI: FACP 0x00000000BFEFEE73 0000F4 (v04 INTEL  440BX    06040000 PTL  000F4240)
[    0.014316] ACPI: DSDT 0x00000000BFEDD001 021E72 (v01 PTLTD  Custom   06040000 MSFT 03000001)
[    0.014323] ACPI: FACS 0x00000000BFEFFFC0 000040
[    0.014327] ACPI: FACS 0x00000000BFEFFFC0 000040
[    0.014331] ACPI: BOOT 0x00000000BFEDCFB4 000028 (v01 PTLTD  $SBFTBL$ 06040000  LTP 00000001)
[    0.014335] ACPI: APIC 0x00000000BFEDC872 000742 (v01 PTLTD  ? APIC   06040000  LTP 00000000)
[    0.014340] ACPI: MCFG 0x00000000BFEDC836 00003C (v01 PTLTD  $PCITBL$ 06040000  LTP 00000001)
[    0.014345] ACPI: SRAT 0x00000000BFEDB72F 0008D0 (v02 VMWARE MEMPLUG  06040000 VMW  00000001)
[    0.014349] ACPI: HPET 0x00000000BFEDB6F7 000038 (v01 VMWARE VMW HPET 06040000 VMW  00000001)
[    0.014353] ACPI: WAET 0x00000000BFEDB6CF 000028 (v01 VMWARE VMW WAET 06040000 VMW  00000001)
[    0.014356] ACPI: Reserving FACP table memory at [mem 0xbfefee73-0xbfefef66]
[    0.014358] ACPI: Reserving DSDT table memory at [mem 0xbfedd001-0xbfefee72]
[    0.014359] ACPI: Reserving FACS table memory at [mem 0xbfefffc0-0xbfefffff]
[    0.014360] ACPI: Reserving FACS table memory at [mem 0xbfefffc0-0xbfefffff]
[    0.014361] ACPI: Reserving BOOT table memory at [mem 0xbfedcfb4-0xbfedcfdb]
[    0.014362] ACPI: Reserving APIC table memory at [mem 0xbfedc872-0xbfedcfb3]
[    0.014363] ACPI: Reserving MCFG table memory at [mem 0xbfedc836-0xbfedc871]
[    0.014364] ACPI: Reserving SRAT table memory at [mem 0xbfedb72f-0xbfedbffe]
[    0.014365] ACPI: Reserving HPET table memory at [mem 0xbfedb6f7-0xbfedb72e]
[    0.014366] ACPI: Reserving WAET table memory at [mem 0xbfedb6cf-0xbfedb6f6]
[    0.014416] system APIC only can use physical flat
[    0.014417] Setting APIC routing to physical flat.
[    0.014467] SRAT: PXM 0 -> APIC 0x00 -> Node 0
[    0.014469] SRAT: PXM 0 -> APIC 0x02 -> Node 0
[    0.014470] SRAT: PXM 0 -> APIC 0x04 -> Node 0
[    0.014471] SRAT: PXM 0 -> APIC 0x06 -> Node 0
[    0.014471] SRAT: PXM 0 -> APIC 0x08 -> Node 0
[    0.014472] SRAT: PXM 0 -> APIC 0x0a -> Node 0
[    0.014473] SRAT: PXM 0 -> APIC 0x0c -> Node 0
[    0.014474] SRAT: PXM 0 -> APIC 0x0e -> Node 0
[    0.014474] SRAT: PXM 0 -> APIC 0x10 -> Node 0
[    0.014475] SRAT: PXM 0 -> APIC 0x12 -> Node 0
[    0.014476] SRAT: PXM 0 -> APIC 0x14 -> Node 0
[    0.014477] SRAT: PXM 0 -> APIC 0x16 -> Node 0
[    0.014477] SRAT: PXM 0 -> APIC 0x18 -> Node 0
[    0.014478] SRAT: PXM 0 -> APIC 0x1a -> Node 0
[    0.014479] SRAT: PXM 0 -> APIC 0x1c -> Node 0
[    0.014480] SRAT: PXM 0 -> APIC 0x1e -> Node 0
[    0.014480] SRAT: PXM 0 -> APIC 0x20 -> Node 0
[    0.014481] SRAT: PXM 0 -> APIC 0x22 -> Node 0
[    0.014482] SRAT: PXM 0 -> APIC 0x24 -> Node 0
[    0.014483] SRAT: PXM 0 -> APIC 0x26 -> Node 0
[    0.014483] SRAT: PXM 0 -> APIC 0x28 -> Node 0
[    0.014484] SRAT: PXM 0 -> APIC 0x2a -> Node 0
[    0.014485] SRAT: PXM 0 -> APIC 0x2c -> Node 0
[    0.014485] SRAT: PXM 0 -> APIC 0x2e -> Node 0
[    0.014486] SRAT: PXM 0 -> APIC 0x30 -> Node 0
[    0.014487] SRAT: PXM 0 -> APIC 0x32 -> Node 0
[    0.014488] SRAT: PXM 0 -> APIC 0x34 -> Node 0
[    0.014488] SRAT: PXM 0 -> APIC 0x36 -> Node 0
[    0.014489] SRAT: PXM 0 -> APIC 0x38 -> Node 0
[    0.014490] SRAT: PXM 0 -> APIC 0x3a -> Node 0
[    0.014491] SRAT: PXM 0 -> APIC 0x3c -> Node 0
[    0.014491] SRAT: PXM 0 -> APIC 0x3e -> Node 0
[    0.014493] SRAT: PXM 0 -> APIC 0x40 -> Node 0
[    0.014494] SRAT: PXM 0 -> APIC 0x42 -> Node 0
[    0.014495] SRAT: PXM 0 -> APIC 0x44 -> Node 0
[    0.014497] SRAT: PXM 0 -> APIC 0x46 -> Node 0
[    0.014498] SRAT: PXM 0 -> APIC 0x48 -> Node 0
[    0.014499] SRAT: PXM 0 -> APIC 0x4a -> Node 0
[    0.014500] SRAT: PXM 0 -> APIC 0x4c -> Node 0
[    0.014501] SRAT: PXM 0 -> APIC 0x4e -> Node 0
[    0.014502] SRAT: PXM 0 -> APIC 0x50 -> Node 0
[    0.014503] SRAT: PXM 0 -> APIC 0x52 -> Node 0
[    0.014504] SRAT: PXM 0 -> APIC 0x54 -> Node 0
[    0.014506] SRAT: PXM 0 -> APIC 0x56 -> Node 0
[    0.014507] SRAT: PXM 0 -> APIC 0x58 -> Node 0
[    0.014508] SRAT: PXM 0 -> APIC 0x5a -> Node 0
[    0.014509] SRAT: PXM 0 -> APIC 0x5c -> Node 0
[    0.014510] SRAT: PXM 0 -> APIC 0x5e -> Node 0
[    0.014512] SRAT: PXM 0 -> APIC 0x60 -> Node 0
[    0.014513] SRAT: PXM 0 -> APIC 0x62 -> Node 0
[    0.014515] SRAT: PXM 0 -> APIC 0x64 -> Node 0
[    0.014516] SRAT: PXM 0 -> APIC 0x66 -> Node 0
[    0.014517] SRAT: PXM 0 -> APIC 0x68 -> Node 0
[    0.014518] SRAT: PXM 0 -> APIC 0x6a -> Node 0
[    0.014520] SRAT: PXM 0 -> APIC 0x6c -> Node 0
[    0.014521] SRAT: PXM 0 -> APIC 0x6e -> Node 0
[    0.014522] SRAT: PXM 0 -> APIC 0x70 -> Node 0
[    0.014523] SRAT: PXM 0 -> APIC 0x72 -> Node 0
[    0.014525] SRAT: PXM 0 -> APIC 0x74 -> Node 0
[    0.014526] SRAT: PXM 0 -> APIC 0x76 -> Node 0
[    0.014528] SRAT: PXM 0 -> APIC 0x78 -> Node 0
[    0.014529] SRAT: PXM 0 -> APIC 0x7a -> Node 0
[    0.014531] SRAT: PXM 0 -> APIC 0x7c -> Node 0
[    0.014532] SRAT: PXM 0 -> APIC 0x7e -> Node 0
[    0.014533] SRAT: PXM 0 -> APIC 0x80 -> Node 0
[    0.014534] SRAT: PXM 0 -> APIC 0x82 -> Node 0
[    0.014536] SRAT: PXM 0 -> APIC 0x84 -> Node 0
[    0.014537] SRAT: PXM 0 -> APIC 0x86 -> Node 0
[    0.014538] SRAT: PXM 0 -> APIC 0x88 -> Node 0
[    0.014540] SRAT: PXM 0 -> APIC 0x8a -> Node 0
[    0.014540] SRAT: PXM 0 -> APIC 0x8c -> Node 0
[    0.014541] SRAT: PXM 0 -> APIC 0x8e -> Node 0
[    0.014542] SRAT: PXM 0 -> APIC 0x90 -> Node 0
[    0.014543] SRAT: PXM 0 -> APIC 0x92 -> Node 0
[    0.014543] SRAT: PXM 0 -> APIC 0x94 -> Node 0
[    0.014544] SRAT: PXM 0 -> APIC 0x96 -> Node 0
[    0.014545] SRAT: PXM 0 -> APIC 0x98 -> Node 0
[    0.014546] SRAT: PXM 0 -> APIC 0x9a -> Node 0
[    0.014546] SRAT: PXM 0 -> APIC 0x9c -> Node 0
[    0.014547] SRAT: PXM 0 -> APIC 0x9e -> Node 0
[    0.014548] SRAT: PXM 0 -> APIC 0xa0 -> Node 0
[    0.014548] SRAT: PXM 0 -> APIC 0xa2 -> Node 0
[    0.014549] SRAT: PXM 0 -> APIC 0xa4 -> Node 0
[    0.014550] SRAT: PXM 0 -> APIC 0xa6 -> Node 0
[    0.014551] SRAT: PXM 0 -> APIC 0xa8 -> Node 0
[    0.014551] SRAT: PXM 0 -> APIC 0xaa -> Node 0
[    0.014552] SRAT: PXM 0 -> APIC 0xac -> Node 0
[    0.014553] SRAT: PXM 0 -> APIC 0xae -> Node 0
[    0.014553] SRAT: PXM 0 -> APIC 0xb0 -> Node 0
[    0.014554] SRAT: PXM 0 -> APIC 0xb2 -> Node 0
[    0.014555] SRAT: PXM 0 -> APIC 0xb4 -> Node 0
[    0.014556] SRAT: PXM 0 -> APIC 0xb6 -> Node 0
[    0.014556] SRAT: PXM 0 -> APIC 0xb8 -> Node 0
[    0.014557] SRAT: PXM 0 -> APIC 0xba -> Node 0
[    0.014558] SRAT: PXM 0 -> APIC 0xbc -> Node 0
[    0.014558] SRAT: PXM 0 -> APIC 0xbe -> Node 0
[    0.014559] SRAT: PXM 0 -> APIC 0xc0 -> Node 0
[    0.014560] SRAT: PXM 0 -> APIC 0xc2 -> Node 0
[    0.014561] SRAT: PXM 0 -> APIC 0xc4 -> Node 0
[    0.014561] SRAT: PXM 0 -> APIC 0xc6 -> Node 0
[    0.014562] SRAT: PXM 0 -> APIC 0xc8 -> Node 0
[    0.014563] SRAT: PXM 0 -> APIC 0xca -> Node 0
[    0.014564] SRAT: PXM 0 -> APIC 0xcc -> Node 0
[    0.014564] SRAT: PXM 0 -> APIC 0xce -> Node 0
[    0.014565] SRAT: PXM 0 -> APIC 0xd0 -> Node 0
[    0.014566] SRAT: PXM 0 -> APIC 0xd2 -> Node 0
[    0.014566] SRAT: PXM 0 -> APIC 0xd4 -> Node 0
[    0.014567] SRAT: PXM 0 -> APIC 0xd6 -> Node 0
[    0.014569] SRAT: PXM 0 -> APIC 0xd8 -> Node 0
[    0.014570] SRAT: PXM 0 -> APIC 0xda -> Node 0
[    0.014571] SRAT: PXM 0 -> APIC 0xdc -> Node 0
[    0.014572] SRAT: PXM 0 -> APIC 0xde -> Node 0
[    0.014574] SRAT: PXM 0 -> APIC 0xe0 -> Node 0
[    0.014575] SRAT: PXM 0 -> APIC 0xe2 -> Node 0
[    0.014577] SRAT: PXM 0 -> APIC 0xe4 -> Node 0
[    0.014578] SRAT: PXM 0 -> APIC 0xe6 -> Node 0
[    0.014579] SRAT: PXM 0 -> APIC 0xe8 -> Node 0
[    0.014580] SRAT: PXM 0 -> APIC 0xea -> Node 0
[    0.014582] SRAT: PXM 0 -> APIC 0xec -> Node 0
[    0.014583] SRAT: PXM 0 -> APIC 0xee -> Node 0
[    0.014584] SRAT: PXM 0 -> APIC 0xf0 -> Node 0
[    0.014585] SRAT: PXM 0 -> APIC 0xf2 -> Node 0
[    0.014586] SRAT: PXM 0 -> APIC 0xf4 -> Node 0
[    0.014587] SRAT: PXM 0 -> APIC 0xf6 -> Node 0
[    0.014589] SRAT: PXM 0 -> APIC 0xf8 -> Node 0
[    0.014590] SRAT: PXM 0 -> APIC 0xfa -> Node 0
[    0.014591] SRAT: PXM 0 -> APIC 0xfc -> Node 0
[    0.014592] SRAT: PXM 0 -> APIC 0xfe -> Node 0
[    0.014597] ACPI: SRAT: Node 0 PXM 0 [mem 0x00000000-0x0009ffff]
[    0.014599] ACPI: SRAT: Node 0 PXM 0 [mem 0x00100000-0xbfffffff]
[    0.014601] ACPI: SRAT: Node 0 PXM 0 [mem 0x100000000-0x2b7ffffff]
[    0.014602] ACPI: SRAT: Node 0 PXM 0 [mem 0x2b8000000-0x27bfffffff] hotplug
[    0.014605] NUMA: Node 0 [mem 0x00000000-0x0009ffff] + [mem 0x00100000-0xbfffffff] -> [mem 0x00000000-0xbfffffff]
[    0.014607] NUMA: Node 0 [mem 0x00000000-0xbfffffff] + [mem 0x100000000-0x2b7ffffff] -> [mem 0x00000000-0x2b7ffffff]
[    0.014617] NODE_DATA(0) allocated [mem 0x2b7fd6000-0x2b7ffffff]
[    0.015530] Zone ranges:
[    0.015533]   DMA      [mem 0x0000000000001000-0x0000000000ffffff]
[    0.015537]   DMA32    [mem 0x0000000001000000-0x00000000ffffffff]
[    0.015540]   Normal   [mem 0x0000000100000000-0x00000002b7ffffff]
[    0.015542]   Device   empty
[    0.015544] Movable zone start for each node
[    0.015549] Early memory node ranges
[    0.015550]   node   0: [mem 0x0000000000001000-0x000000000009dfff]
[    0.015552]   node   0: [mem 0x0000000000100000-0x00000000bfecffff]
[    0.015554]   node   0: [mem 0x00000000bff00000-0x00000000bfffffff]
[    0.015556]   node   0: [mem 0x0000000100000000-0x00000002b7ffffff]
[    0.015559] Initmem setup node 0 [mem 0x0000000000001000-0x00000002b7ffffff]
[    0.015570] On node 0, zone DMA: 1 pages in unavailable ranges
[    0.016173] On node 0, zone DMA: 98 pages in unavailable ranges
[    0.038759] On node 0, zone DMA32: 48 pages in unavailable ranges
[    0.094488] ACPI: PM-Timer IO Port: 0x1008
[    0.094501] system APIC only can use physical flat
[    0.094515] ACPI: LAPIC_NMI (acpi_id[0x00] high edge lint[0x1])
[    0.094517] ACPI: LAPIC_NMI (acpi_id[0x01] high edge lint[0x1])
[    0.094518] ACPI: LAPIC_NMI (acpi_id[0x02] high edge lint[0x1])
[    0.094519] ACPI: LAPIC_NMI (acpi_id[0x03] high edge lint[0x1])
[    0.094520] ACPI: LAPIC_NMI (acpi_id[0x04] high edge lint[0x1])
[    0.094521] ACPI: LAPIC_NMI (acpi_id[0x05] high edge lint[0x1])
[    0.094522] ACPI: LAPIC_NMI (acpi_id[0x06] high edge lint[0x1])
[    0.094522] ACPI: LAPIC_NMI (acpi_id[0x07] high edge lint[0x1])
[    0.094524] ACPI: LAPIC_NMI (acpi_id[0x08] high edge lint[0x1])
[    0.094525] ACPI: LAPIC_NMI (acpi_id[0x09] high edge lint[0x1])
[    0.094526] ACPI: LAPIC_NMI (acpi_id[0x0a] high edge lint[0x1])
[    0.094527] ACPI: LAPIC_NMI (acpi_id[0x0b] high edge lint[0x1])
[    0.094528] ACPI: LAPIC_NMI (acpi_id[0x0c] high edge lint[0x1])
[    0.094529] ACPI: LAPIC_NMI (acpi_id[0x0d] high edge lint[0x1])
[    0.094531] ACPI: LAPIC_NMI (acpi_id[0x0e] high edge lint[0x1])
[    0.094532] ACPI: LAPIC_NMI (acpi_id[0x0f] high edge lint[0x1])
[    0.094533] ACPI: LAPIC_NMI (acpi_id[0x10] high edge lint[0x1])
[    0.094534] ACPI: LAPIC_NMI (acpi_id[0x11] high edge lint[0x1])
[    0.094536] ACPI: LAPIC_NMI (acpi_id[0x12] high edge lint[0x1])
[    0.094537] ACPI: LAPIC_NMI (acpi_id[0x13] high edge lint[0x1])
[    0.094538] ACPI: LAPIC_NMI (acpi_id[0x14] high edge lint[0x1])
[    0.094540] ACPI: LAPIC_NMI (acpi_id[0x15] high edge lint[0x1])
[    0.094541] ACPI: LAPIC_NMI (acpi_id[0x16] high edge lint[0x1])
[    0.094542] ACPI: LAPIC_NMI (acpi_id[0x17] high edge lint[0x1])
[    0.094544] ACPI: LAPIC_NMI (acpi_id[0x18] high edge lint[0x1])
[    0.094545] ACPI: LAPIC_NMI (acpi_id[0x19] high edge lint[0x1])
[    0.094546] ACPI: LAPIC_NMI (acpi_id[0x1a] high edge lint[0x1])
[    0.094547] ACPI: LAPIC_NMI (acpi_id[0x1b] high edge lint[0x1])
[    0.094547] ACPI: LAPIC_NMI (acpi_id[0x1c] high edge lint[0x1])
[    0.094548] ACPI: LAPIC_NMI (acpi_id[0x1d] high edge lint[0x1])
[    0.094549] ACPI: LAPIC_NMI (acpi_id[0x1e] high edge lint[0x1])
[    0.094550] ACPI: LAPIC_NMI (acpi_id[0x1f] high edge lint[0x1])
[    0.094550] ACPI: LAPIC_NMI (acpi_id[0x20] high edge lint[0x1])
[    0.094551] ACPI: LAPIC_NMI (acpi_id[0x21] high edge lint[0x1])
[    0.094552] ACPI: LAPIC_NMI (acpi_id[0x22] high edge lint[0x1])
[    0.094553] ACPI: LAPIC_NMI (acpi_id[0x23] high edge lint[0x1])
[    0.094553] ACPI: LAPIC_NMI (acpi_id[0x24] high edge lint[0x1])
[    0.094554] ACPI: LAPIC_NMI (acpi_id[0x25] high edge lint[0x1])
[    0.094555] ACPI: LAPIC_NMI (acpi_id[0x26] high edge lint[0x1])
[    0.094556] ACPI: LAPIC_NMI (acpi_id[0x27] high edge lint[0x1])
[    0.094557] ACPI: LAPIC_NMI (acpi_id[0x28] high edge lint[0x1])
[    0.094559] ACPI: LAPIC_NMI (acpi_id[0x29] high edge lint[0x1])
[    0.094560] ACPI: LAPIC_NMI (acpi_id[0x2a] high edge lint[0x1])
[    0.094561] ACPI: LAPIC_NMI (acpi_id[0x2b] high edge lint[0x1])
[    0.094562] ACPI: LAPIC_NMI (acpi_id[0x2c] high edge lint[0x1])
[    0.094563] ACPI: LAPIC_NMI (acpi_id[0x2d] high edge lint[0x1])
[    0.094565] ACPI: LAPIC_NMI (acpi_id[0x2e] high edge lint[0x1])
[    0.094566] ACPI: LAPIC_NMI (acpi_id[0x2f] high edge lint[0x1])
[    0.094567] ACPI: LAPIC_NMI (acpi_id[0x30] high edge lint[0x1])
[    0.094569] ACPI: LAPIC_NMI (acpi_id[0x31] high edge lint[0x1])
[    0.094570] ACPI: LAPIC_NMI (acpi_id[0x32] high edge lint[0x1])
[    0.094571] ACPI: LAPIC_NMI (acpi_id[0x33] high edge lint[0x1])
[    0.094572] ACPI: LAPIC_NMI (acpi_id[0x34] high edge lint[0x1])
[    0.094573] ACPI: LAPIC_NMI (acpi_id[0x35] high edge lint[0x1])
[    0.094574] ACPI: LAPIC_NMI (acpi_id[0x36] high edge lint[0x1])
[    0.094576] ACPI: LAPIC_NMI (acpi_id[0x37] high edge lint[0x1])
[    0.094577] ACPI: LAPIC_NMI (acpi_id[0x38] high edge lint[0x1])
[    0.094578] ACPI: LAPIC_NMI (acpi_id[0x39] high edge lint[0x1])
[    0.094579] ACPI: LAPIC_NMI (acpi_id[0x3a] high edge lint[0x1])
[    0.094581] ACPI: LAPIC_NMI (acpi_id[0x3b] high edge lint[0x1])
[    0.094582] ACPI: LAPIC_NMI (acpi_id[0x3c] high edge lint[0x1])
[    0.094583] ACPI: LAPIC_NMI (acpi_id[0x3d] high edge lint[0x1])
[    0.094584] ACPI: LAPIC_NMI (acpi_id[0x3e] high edge lint[0x1])
[    0.094585] ACPI: LAPIC_NMI (acpi_id[0x3f] high edge lint[0x1])
[    0.094586] ACPI: LAPIC_NMI (acpi_id[0x40] high edge lint[0x1])
[    0.094587] ACPI: LAPIC_NMI (acpi_id[0x41] high edge lint[0x1])
[    0.094588] ACPI: LAPIC_NMI (acpi_id[0x42] high edge lint[0x1])
[    0.094588] ACPI: LAPIC_NMI (acpi_id[0x43] high edge lint[0x1])
[    0.094589] ACPI: LAPIC_NMI (acpi_id[0x44] high edge lint[0x1])
[    0.094590] ACPI: LAPIC_NMI (acpi_id[0x45] high edge lint[0x1])
[    0.094591] ACPI: LAPIC_NMI (acpi_id[0x46] high edge lint[0x1])
[    0.094591] ACPI: LAPIC_NMI (acpi_id[0x47] high edge lint[0x1])
[    0.094592] ACPI: LAPIC_NMI (acpi_id[0x48] high edge lint[0x1])
[    0.094593] ACPI: LAPIC_NMI (acpi_id[0x49] high edge lint[0x1])
[    0.094594] ACPI: LAPIC_NMI (acpi_id[0x4a] high edge lint[0x1])
[    0.094594] ACPI: LAPIC_NMI (acpi_id[0x4b] high edge lint[0x1])
[    0.094595] ACPI: LAPIC_NMI (acpi_id[0x4c] high edge lint[0x1])
[    0.094596] ACPI: LAPIC_NMI (acpi_id[0x4d] high edge lint[0x1])
[    0.094597] ACPI: LAPIC_NMI (acpi_id[0x4e] high edge lint[0x1])
[    0.094597] ACPI: LAPIC_NMI (acpi_id[0x4f] high edge lint[0x1])
[    0.094598] ACPI: LAPIC_NMI (acpi_id[0x50] high edge lint[0x1])
[    0.094599] ACPI: LAPIC_NMI (acpi_id[0x51] high edge lint[0x1])
[    0.094599] ACPI: LAPIC_NMI (acpi_id[0x52] high edge lint[0x1])
[    0.094600] ACPI: LAPIC_NMI (acpi_id[0x53] high edge lint[0x1])
[    0.094601] ACPI: LAPIC_NMI (acpi_id[0x54] high edge lint[0x1])
[    0.094602] ACPI: LAPIC_NMI (acpi_id[0x55] high edge lint[0x1])
[    0.094602] ACPI: LAPIC_NMI (acpi_id[0x56] high edge lint[0x1])
[    0.094604] ACPI: LAPIC_NMI (acpi_id[0x57] high edge lint[0x1])
[    0.094605] ACPI: LAPIC_NMI (acpi_id[0x58] high edge lint[0x1])
[    0.094606] ACPI: LAPIC_NMI (acpi_id[0x59] high edge lint[0x1])
[    0.094607] ACPI: LAPIC_NMI (acpi_id[0x5a] high edge lint[0x1])
[    0.094608] ACPI: LAPIC_NMI (acpi_id[0x5b] high edge lint[0x1])
[    0.094610] ACPI: LAPIC_NMI (acpi_id[0x5c] high edge lint[0x1])
[    0.094611] ACPI: LAPIC_NMI (acpi_id[0x5d] high edge lint[0x1])
[    0.094612] ACPI: LAPIC_NMI (acpi_id[0x5e] high edge lint[0x1])
[    0.094613] ACPI: LAPIC_NMI (acpi_id[0x5f] high edge lint[0x1])
[    0.094615] ACPI: LAPIC_NMI (acpi_id[0x60] high edge lint[0x1])
[    0.094616] ACPI: LAPIC_NMI (acpi_id[0x61] high edge lint[0x1])
[    0.094617] ACPI: LAPIC_NMI (acpi_id[0x62] high edge lint[0x1])
[    0.094618] ACPI: LAPIC_NMI (acpi_id[0x63] high edge lint[0x1])
[    0.094620] ACPI: LAPIC_NMI (acpi_id[0x64] high edge lint[0x1])
[    0.094621] ACPI: LAPIC_NMI (acpi_id[0x65] high edge lint[0x1])
[    0.094622] ACPI: LAPIC_NMI (acpi_id[0x66] high edge lint[0x1])
[    0.094623] ACPI: LAPIC_NMI (acpi_id[0x67] high edge lint[0x1])
[    0.094625] ACPI: LAPIC_NMI (acpi_id[0x68] high edge lint[0x1])
[    0.094625] ACPI: LAPIC_NMI (acpi_id[0x69] high edge lint[0x1])
[    0.094626] ACPI: LAPIC_NMI (acpi_id[0x6a] high edge lint[0x1])
[    0.094627] ACPI: LAPIC_NMI (acpi_id[0x6b] high edge lint[0x1])
[    0.094628] ACPI: LAPIC_NMI (acpi_id[0x6c] high edge lint[0x1])
[    0.094628] ACPI: LAPIC_NMI (acpi_id[0x6d] high edge lint[0x1])
[    0.094629] ACPI: LAPIC_NMI (acpi_id[0x6e] high edge lint[0x1])
[    0.094630] ACPI: LAPIC_NMI (acpi_id[0x6f] high edge lint[0x1])
[    0.094631] ACPI: LAPIC_NMI (acpi_id[0x70] high edge lint[0x1])
[    0.094631] ACPI: LAPIC_NMI (acpi_id[0x71] high edge lint[0x1])
[    0.094632] ACPI: LAPIC_NMI (acpi_id[0x72] high edge lint[0x1])
[    0.094633] ACPI: LAPIC_NMI (acpi_id[0x73] high edge lint[0x1])
[    0.094634] ACPI: LAPIC_NMI (acpi_id[0x74] high edge lint[0x1])
[    0.094635] ACPI: LAPIC_NMI (acpi_id[0x75] high edge lint[0x1])
[    0.094636] ACPI: LAPIC_NMI (acpi_id[0x76] high edge lint[0x1])
[    0.094637] ACPI: LAPIC_NMI (acpi_id[0x77] high edge lint[0x1])
[    0.094639] ACPI: LAPIC_NMI (acpi_id[0x78] high edge lint[0x1])
[    0.094640] ACPI: LAPIC_NMI (acpi_id[0x79] high edge lint[0x1])
[    0.094641] ACPI: LAPIC_NMI (acpi_id[0x7a] high edge lint[0x1])
[    0.094642] ACPI: LAPIC_NMI (acpi_id[0x7b] high edge lint[0x1])
[    0.094644] ACPI: LAPIC_NMI (acpi_id[0x7c] high edge lint[0x1])
[    0.094645] ACPI: LAPIC_NMI (acpi_id[0x7d] high edge lint[0x1])
[    0.094646] ACPI: LAPIC_NMI (acpi_id[0x7e] high edge lint[0x1])
[    0.094647] ACPI: LAPIC_NMI (acpi_id[0x7f] high edge lint[0x1])
[    0.094696] IOAPIC[0]: apic_id 1, version 32, address 0xfec00000, GSI 0-23
[    0.094703] ACPI: INT_SRC_OVR (bus 0 bus_irq 0 global_irq 2 high edge)
[    0.094710] ACPI: Using ACPI (MADT) for SMP configuration information
[    0.094712] ACPI: HPET id: 0x8086af01 base: 0xfed00000
[    0.094718] TSC deadline timer available
[    0.094721] smpboot: Allowing 128 CPUs, 124 hotplug CPUs
[    0.094740] PM: hibernation: Registered nosave memory: [mem 0x00000000-0x00000fff]
[    0.094743] PM: hibernation: Registered nosave memory: [mem 0x0009e000-0x0009efff]
[    0.094744] PM: hibernation: Registered nosave memory: [mem 0x0009f000-0x0009ffff]
[    0.094745] PM: hibernation: Registered nosave memory: [mem 0x000a0000-0x000dbfff]
[    0.094745] PM: hibernation: Registered nosave memory: [mem 0x000dc000-0x000fffff]
[    0.094746] PM: hibernation: Registered nosave memory: [mem 0xbfed0000-0xbfefefff]
[    0.094747] PM: hibernation: Registered nosave memory: [mem 0xbfeff000-0xbfefffff]
[    0.094749] PM: hibernation: Registered nosave memory: [mem 0xc0000000-0xefffffff]
[    0.094749] PM: hibernation: Registered nosave memory: [mem 0xf0000000-0xf7ffffff]
[    0.094750] PM: hibernation: Registered nosave memory: [mem 0xf8000000-0xfebfffff]
[    0.094751] PM: hibernation: Registered nosave memory: [mem 0xfec00000-0xfec0ffff]
[    0.094752] PM: hibernation: Registered nosave memory: [mem 0xfec10000-0xfedfffff]
[    0.094752] PM: hibernation: Registered nosave memory: [mem 0xfee00000-0xfee00fff]
[    0.094753] PM: hibernation: Registered nosave memory: [mem 0xfee01000-0xfffdffff]
[    0.094754] PM: hibernation: Registered nosave memory: [mem 0xfffe0000-0xffffffff]
[    0.094755] [mem 0xc0000000-0xefffffff] available for PCI devices
[    0.094757] Booting paravirtualized kernel on VMware hypervisor
[    0.094760] clocksource: refined-jiffies: mask: 0xffffffff max_cycles: 0xffffffff, max_idle_ns: 7645519600211568 ns
[    0.094769] setup_percpu: NR_CPUS:8192 nr_cpumask_bits:128 nr_cpu_ids:128 nr_node_ids:1
[    0.150227] percpu: Embedded 61 pages/cpu s212992 r8192 d28672 u262144
[    0.150241] pcpu-alloc: s212992 r8192 d28672 u262144 alloc=1*2097152
[    0.150246] pcpu-alloc: [0] 000 001 002 003 004 005 006 007 
[    0.150254] pcpu-alloc: [0] 008 009 010 011 012 013 014 015 
[    0.150263] pcpu-alloc: [0] 016 017 018 019 020 021 022 023 
[    0.150271] pcpu-alloc: [0] 024 025 026 027 028 029 030 031 
[    0.150279] pcpu-alloc: [0] 032 033 034 035 036 037 038 039 
[    0.150287] pcpu-alloc: [0] 040 041 042 043 044 045 046 047 
[    0.150293] pcpu-alloc: [0] 048 049 050 051 052 053 054 055 
[    0.150298] pcpu-alloc: [0] 056 057 058 059 060 061 062 063 
[    0.150302] pcpu-alloc: [0] 064 065 066 067 068 069 070 071 
[    0.150307] pcpu-alloc: [0] 072 073 074 075 076 077 078 079 
[    0.150312] pcpu-alloc: [0] 080 081 082 083 084 085 086 087 
[    0.150320] pcpu-alloc: [0] 088 089 090 091 092 093 094 095 
[    0.150329] pcpu-alloc: [0] 096 097 098 099 100 101 102 103 
[    0.150334] pcpu-alloc: [0] 104 105 106 107 108 109 110 111 
[    0.150338] pcpu-alloc: [0] 112 113 114 115 116 117 118 119 
[    0.150344] pcpu-alloc: [0] 120 121 122 123 124 125 126 127 
[    0.150403] Built 1 zonelists, mobility grouping on.  Total pages: 2547920
[    0.150406] Policy zone: Normal
[    0.150410] Kernel command line: BOOT_IMAGE=/boot/vmlinuz-5.15.136 root=UUID=32c23d53-6c4b-4a8a-8d4b-86a98332d4fe ro find_preseed=/preseed.cfg auto noprompt priority=critical locale=en_US quiet
[    0.150560] Unknown kernel command line parameters "auto noprompt BOOT_IMAGE=/boot/vmlinuz-5.15.136 find_preseed=/preseed.cfg priority=critical locale=en_US", will be passed to user space.
[    0.150562] printk: log_buf_len individual max cpu contribution: 4096 bytes
[    0.150563] printk: log_buf_len total cpu_extra contributions: 520192 bytes
[    0.150564] printk: log_buf_len min size: 262144 bytes
[    0.158510] printk: log_buf_len: 1048576 bytes
[    0.158513] printk: early log buf free: 227672(86%)
[    0.164328] Dentry cache hash table entries: 2097152 (order: 12, 16777216 bytes, linear)
[    0.167298] Inode-cache hash table entries: 1048576 (order: 11, 8388608 bytes, linear)
[    0.170612] mem auto-init: stack:off, heap alloc:on, heap free:off
[    0.212014] Memory: 9980016K/10354100K available (16393K kernel code, 4279K rwdata, 10180K rodata, 3292K init, 18904K bss, 373824K reserved, 0K cma-reserved)
[    0.212895] SLUB: HWalign=64, Order=0-3, MinObjects=0, CPUs=128, Nodes=1
[    0.212986] ftrace: allocating 48247 entries in 189 pages
[    0.242080] ftrace: allocated 189 pages with 6 groups
[    0.242924] rcu: Hierarchical RCU implementation.
[    0.242926] rcu: 	RCU restricting CPUs from NR_CPUS=8192 to nr_cpu_ids=128.
[    0.242928] 	Rude variant of Tasks RCU enabled.
[    0.242928] 	Tracing variant of Tasks RCU enabled.
[    0.242929] rcu: RCU calculated value of scheduler-enlistment delay is 25 jiffies.
[    0.242930] rcu: Adjusting geometry for rcu_fanout_leaf=16, nr_cpu_ids=128
[    0.248139] NR_IRQS: 524544, nr_irqs: 1448, preallocated irqs: 16
[    0.248565] random: crng init done
[    0.250968] Console: colour VGA+ 80x25
[    0.250996] printk: console [tty0] enabled
[    0.251061] ACPI: Core revision 20210730
[    0.251577] clocksource: hpet: mask: 0xffffffff max_cycles: 0xffffffff, max_idle_ns: 133484882848 ns
[    0.251666] APIC: Switch to symmetric I/O mode setup
[    0.252066] x2apic enabled
[    0.252406] Switched APIC routing to physical x2apic.
[    0.253728] ..TIMER: vector=0x30 apic1=0 pin1=2 apic2=-1 pin2=-1
[    0.253762] clocksource: tsc-early: mask: 0xffffffffffffffff max_cycles: 0x28681b31c8c, max_idle_ns: 440795302026 ns
[    0.253771] Calibrating delay loop (skipped) preset value.. 5606.42 BogoMIPS (lpj=11212848)
[    0.253871] x86/cpu: User Mode Instruction Prevention (UMIP) activated
[    0.253953] Last level iTLB entries: 4KB 0, 2MB 0, 4MB 0
[    0.253954] Last level dTLB entries: 4KB 0, 2MB 0, 4MB 0, 1GB 0
[    0.253958] Spectre V1 : Mitigation: usercopy/swapgs barriers and __user pointer sanitization
[    0.253960] Spectre V2 : Mitigation: Enhanced IBRS
[    0.253961] Spectre V2 : Spectre v2 / SpectreRSB mitigation: Filling RSB on context switch
[    0.253962] Spectre V2 : Spectre v2 / PBRSB-eIBRS: Retire a single CALL on VMEXIT
[    0.253963] Spectre V2 : mitigation: Enabling conditional Indirect Branch Prediction Barrier
[    0.253964] Speculative Store Bypass: Mitigation: Speculative Store Bypass disabled via prctl and seccomp
[    0.253966] GDS: Unknown: Dependent on hypervisor status
[    0.254016] x86/fpu: Supporting XSAVE feature 0x001: 'x87 floating point registers'
[    0.254017] x86/fpu: Supporting XSAVE feature 0x002: 'SSE registers'
[    0.254018] x86/fpu: Supporting XSAVE feature 0x004: 'AVX registers'
[    0.254019] x86/fpu: Supporting XSAVE feature 0x020: 'AVX-512 opmask'
[    0.254020] x86/fpu: Supporting XSAVE feature 0x040: 'AVX-512 Hi256'
[    0.254020] x86/fpu: Supporting XSAVE feature 0x080: 'AVX-512 ZMM_Hi256'
[    0.254021] x86/fpu: Supporting XSAVE feature 0x200: 'Protection Keys User registers'
[    0.254035] x86/fpu: xstate_offset[2]:  576, xstate_sizes[2]:  256
[    0.254036] x86/fpu: xstate_offset[5]:  832, xstate_sizes[5]:   64
[    0.254037] x86/fpu: xstate_offset[6]:  896, xstate_sizes[6]:  512
[    0.254038] x86/fpu: xstate_offset[7]: 1408, xstate_sizes[7]: 1024
[    0.254039] x86/fpu: xstate_offset[9]: 2432, xstate_sizes[9]:    8
[    0.254040] x86/fpu: Enabled xstate features 0x2e7, context size is 2440 bytes, using 'compacted' format.
[    0.257767] Freeing SMP alternatives memory: 40K
[    0.257767] pid_max: default: 131072 minimum: 1024
[    0.257767] LSM: Security Framework initializing
[    0.257767] landlock: Up and running.
[    0.257767] Yama: becoming mindful.
[    0.261767] AppArmor: AppArmor initialized
[    0.265767] Mount-cache hash table entries: 32768 (order: 6, 262144 bytes, linear)
[    0.265767] Mountpoint-cache hash table entries: 32768 (order: 6, 262144 bytes, linear)
[    0.278062] smpboot: CPU0: 11th Gen Intel(R) Core(TM) i7-1165G7 @ 2.80GHz (family: 0x6, model: 0x8c, stepping: 0x1)
[    0.279178] Performance Events: Icelake events, core PMU driver.
[    0.279234] core: CPUID marked event: 'cpu cycles' unavailable
[    0.279236] core: CPUID marked event: 'instructions' unavailable
[    0.279238] core: CPUID marked event: 'bus cycles' unavailable
[    0.279239] core: CPUID marked event: 'cache references' unavailable
[    0.279241] core: CPUID marked event: 'cache misses' unavailable
[    0.279243] core: CPUID marked event: 'branch instructions' unavailable
[    0.279244] core: CPUID marked event: 'branch misses' unavailable
[    0.279248] ... version:                1
[    0.279250] ... bit width:              48
[    0.279251] ... generic registers:      8
[    0.279253] ... value mask:             0000ffffffffffff
[    0.279255] ... max period:             000000007fffffff
[    0.279256] ... fixed-purpose events:   0
[    0.279258] ... event mask:             0000000f000000ff
[    0.279367] signal: max sigframe size: 3632
[    0.279445] rcu: Hierarchical SRCU implementation.
[    0.280055] NMI watchdog: Perf NMI watchdog permanently disabled
[    0.285408] smp: Bringing up secondary CPUs ...
[    0.285745] x86: Booting SMP configuration:
[    0.285747] .... node  #0, CPUs:          #1
[    0.009215] smpboot: CPU 1 Converting physical 2 to logical package 1
[    0.009215] smpboot: CPU 1 Converting physical 0 to logical die 1
[    0.286941]    #2
[    0.009215] smpboot: CPU 2 Converting physical 4 to logical package 2
[    0.009215] smpboot: CPU 2 Converting physical 0 to logical die 2
[    0.287366]    #3
[    0.009215] smpboot: CPU 3 Converting physical 6 to logical package 3
[    0.009215] smpboot: CPU 3 Converting physical 0 to logical die 3
[    0.290119] smp: Brought up 1 node, 4 CPUs
[    0.290123] smpboot: Max logical packages: 128
[    0.290126] smpboot: Total of 4 processors activated (22425.69 BogoMIPS)
[    0.291001] devtmpfs: initialized
[    0.291001] x86/mm: Memory block size: 128MB
[    0.291001] ACPI: PM: Registering ACPI NVS region [mem 0xbfeff000-0xbfefffff] (4096 bytes)
[    0.291001] clocksource: jiffies: mask: 0xffffffff max_cycles: 0xffffffff, max_idle_ns: 7645041785100000 ns
[    0.291001] futex hash table entries: 32768 (order: 9, 2097152 bytes, linear)
[    0.291062] pinctrl core: initialized pinctrl subsystem
[    0.293778] PM: RTC time: 13:13:10, date: 2023-10-22
[    0.294289] NET: Registered PF_NETLINK/PF_ROUTE protocol family
[    0.297212] DMA: preallocated 2048 KiB GFP_KERNEL pool for atomic allocations
[    0.297357] DMA: preallocated 2048 KiB GFP_KERNEL|GFP_DMA pool for atomic allocations
[    0.297505] DMA: preallocated 2048 KiB GFP_KERNEL|GFP_DMA32 pool for atomic allocations
[    0.297516] audit: initializing netlink subsys (disabled)
[    0.297795] audit: type=2000 audit(1697980390.044:1): state=initialized audit_enabled=0 res=1
[    0.297963] thermal_sys: Registered thermal governor 'fair_share'
[    0.297965] thermal_sys: Registered thermal governor 'bang_bang'
[    0.297967] thermal_sys: Registered thermal governor 'step_wise'
[    0.297969] thermal_sys: Registered thermal governor 'user_space'
[    0.297971] thermal_sys: Registered thermal governor 'power_allocator'
[    0.297977] EISA bus registered
[    0.298039] cpuidle: using governor ladder
[    0.298039] cpuidle: using governor menu
[    0.298039] Simple Boot Flag at 0x36 set to 0x80
[    0.298039] ACPI: bus type PCI registered
[    0.298039] acpiphp: ACPI Hot Plug PCI Controller Driver version: 0.5
[    0.298097] PCI: MMCONFIG for domain 0000 [bus 00-7f] at [mem 0xf0000000-0xf7ffffff] (base 0xf0000000)
[    0.298102] PCI: MMCONFIG at [mem 0xf0000000-0xf7ffffff] reserved in E820
[    0.298109] pmd_set_huge: Cannot satisfy [mem 0xf0000000-0xf0200000] with a huge-page mapping due to MTRR override.
[    0.298385] PCI: Using configuration type 1 for base access
[    0.300038] kprobes: kprobe jump-optimization is enabled. All kprobes are optimized if possible.
[    0.300087] HugeTLB registered 1.00 GiB page size, pre-allocated 0 pages
[    0.300087] HugeTLB registered 2.00 MiB page size, pre-allocated 0 pages
[    0.309993] ACPI: Added _OSI(Module Device)
[    0.309997] ACPI: Added _OSI(Processor Device)
[    0.309998] ACPI: Added _OSI(3.0 _SCP Extensions)
[    0.310000] ACPI: Added _OSI(Processor Aggregator Device)
[    0.310002] ACPI: Added _OSI(Linux-Dell-Video)
[    0.310004] ACPI: Added _OSI(Linux-Lenovo-NV-HDMI-Audio)
[    0.310006] ACPI: Added _OSI(Linux-HPI-Hybrid-Graphics)
[    0.321767] ACPI: 1 ACPI AML tables successfully acquired and loaded
[    0.322180] ACPI: [Firmware Bug]: BIOS _OSI(Linux) query ignored
[    0.337767] ACPI: Interpreter enabled
[    0.337767] ACPI: PM: (supports S0 S1 S4 S5)
[    0.337767] ACPI: Using IOAPIC for interrupt routing
[    0.337767] PCI: Using host bridge windows from ACPI; if necessary, use "pci=nocrs" and report a bug
[    0.337767] ACPI: Enabled 4 GPEs in block 00 to 0F
[    0.472766] ACPI: PCI Root Bridge [PCI0] (domain 0000 [bus 00-7f])
[    0.472773] acpi PNP0A03:00: _OSC: OS supports [ExtendedConfig ASPM ClockPM Segments MSI EDR HPX-Type3]
[    0.472926] acpi PNP0A03:00: _OSC: platform does not support [AER LTR DPC]
[    0.473082] acpi PNP0A03:00: _OSC: OS now controls [PCIeHotplug SHPCHotplug PME PCIeCapability]
[    0.474728] PCI host bridge to bus 0000:00
[    0.474730] pci_bus 0000:00: root bus resource [mem 0x000a0000-0x000bffff window]
[    0.474731] pci_bus 0000:00: root bus resource [mem 0x000d0000-0x000d3fff window]
[    0.474732] pci_bus 0000:00: root bus resource [mem 0x000d4000-0x000d7fff window]
[    0.474733] pci_bus 0000:00: root bus resource [mem 0x000d8000-0x000dbfff window]
[    0.474734] pci_bus 0000:00: root bus resource [mem 0xc0000000-0xfebfffff window]
[    0.474735] pci_bus 0000:00: root bus resource [io  0x0000-0x0cf7 window]
[    0.474736] pci_bus 0000:00: root bus resource [io  0x0d00-0xfeff window]
[    0.474737] pci_bus 0000:00: root bus resource [bus 00-7f]
[    0.474897] pci 0000:00:00.0: [8086:7190] type 00 class 0x060000
[    0.475969] pci 0000:00:01.0: [8086:7191] type 01 class 0x060400
[    0.478233] pci 0000:00:07.0: [8086:7110] type 00 class 0x060100
[    0.479044] pci 0000:00:07.1: [8086:7111] type 00 class 0x01018a
[    0.480622] pci 0000:00:07.1: reg 0x20: [io  0x1060-0x106f]
[    0.481245] pci 0000:00:07.1: legacy IDE quirk: reg 0x10: [io  0x01f0-0x01f7]
[    0.481247] pci 0000:00:07.1: legacy IDE quirk: reg 0x14: [io  0x03f6]
[    0.481248] pci 0000:00:07.1: legacy IDE quirk: reg 0x18: [io  0x0170-0x0177]
[    0.481249] pci 0000:00:07.1: legacy IDE quirk: reg 0x1c: [io  0x0376]
[    0.481583] pci 0000:00:07.3: [8086:7113] type 00 class 0x068000
[    0.483338] pci 0000:00:07.3: quirk: [io  0x1000-0x103f] claimed by PIIX4 ACPI
[    0.483351] pci 0000:00:07.3: quirk: [io  0x1040-0x104f] claimed by PIIX4 SMB
[    0.483718] pci 0000:00:07.7: [15ad:0740] type 00 class 0x088000
[    0.484363] pci 0000:00:07.7: reg 0x10: [io  0x1080-0x10bf]
[    0.484915] pci 0000:00:07.7: reg 0x14: [mem 0xfebfe000-0xfebfffff 64bit]
[    0.489661] pci 0000:00:0f.0: [15ad:0405] type 00 class 0x030000
[    0.490119] pci 0000:00:0f.0: reg 0x10: [io  0x1070-0x107f]
[    0.490764] pci 0000:00:0f.0: reg 0x14: [mem 0xe8000000-0xefffffff pref]
[    0.491354] pci 0000:00:0f.0: reg 0x18: [mem 0xfe000000-0xfe7fffff]
[    0.493676] pci 0000:00:0f.0: reg 0x30: [mem 0x00000000-0x00007fff pref]
[    0.493770] pci 0000:00:0f.0: Video device with shadowed ROM at [mem 0x000c0000-0x000dffff]
[    0.494566] pci 0000:00:10.0: [1000:0030] type 00 class 0x010000
[    0.495001] pci 0000:00:10.0: reg 0x10: [io  0x1400-0x14ff]
[    0.495381] pci 0000:00:10.0: reg 0x14: [mem 0xfeba0000-0xfebbffff 64bit]
[    0.495757] pci 0000:00:10.0: reg 0x1c: [mem 0xfebc0000-0xfebdffff 64bit]
[    0.496440] pci 0000:00:10.0: reg 0x30: [mem 0x00000000-0x00003fff pref]
[    0.497233] pci 0000:00:11.0: [15ad:0790] type 01 class 0x060401
[    0.499276] pci 0000:00:15.0: [15ad:07a0] type 01 class 0x060400
[    0.500030] pci 0000:00:15.0: PME# supported from D0 D3hot D3cold
[    0.500521] pci 0000:00:15.1: [15ad:07a0] type 01 class 0x060400
[    0.501293] pci 0000:00:15.1: PME# supported from D0 D3hot D3cold
[    0.501773] pci 0000:00:15.2: [15ad:07a0] type 01 class 0x060400
[    0.502559] pci 0000:00:15.2: PME# supported from D0 D3hot D3cold
[    0.503101] pci 0000:00:15.3: [15ad:07a0] type 01 class 0x060400
[    0.503866] pci 0000:00:15.3: PME# supported from D0 D3hot D3cold
[    0.504348] pci 0000:00:15.4: [15ad:07a0] type 01 class 0x060400
[    0.505132] pci 0000:00:15.4: PME# supported from D0 D3hot D3cold
[    0.505645] pci 0000:00:15.5: [15ad:07a0] type 01 class 0x060400
[    0.506454] pci 0000:00:15.5: PME# supported from D0 D3hot D3cold
[    0.506998] pci 0000:00:15.6: [15ad:07a0] type 01 class 0x060400
[    0.507787] pci 0000:00:15.6: PME# supported from D0 D3hot D3cold
[    0.508284] pci 0000:00:15.7: [15ad:07a0] type 01 class 0x060400
[    0.509101] pci 0000:00:15.7: PME# supported from D0 D3hot D3cold
[    0.509805] pci 0000:00:16.0: [15ad:07a0] type 01 class 0x060400
[    0.510639] pci 0000:00:16.0: PME# supported from D0 D3hot D3cold
[    0.511179] pci 0000:00:16.1: [15ad:07a0] type 01 class 0x060400
[    0.512104] pci 0000:00:16.1: PME# supported from D0 D3hot D3cold
[    0.512592] pci 0000:00:16.2: [15ad:07a0] type 01 class 0x060400
[    0.513403] pci 0000:00:16.2: PME# supported from D0 D3hot D3cold
[    0.513804] pci 0000:00:16.3: [15ad:07a0] type 01 class 0x060400
[    0.514601] pci 0000:00:16.3: PME# supported from D0 D3hot D3cold
[    0.515096] pci 0000:00:16.4: [15ad:07a0] type 01 class 0x060400
[    0.515867] pci 0000:00:16.4: PME# supported from D0 D3hot D3cold
[    0.516342] pci 0000:00:16.5: [15ad:07a0] type 01 class 0x060400
[    0.517105] pci 0000:00:16.5: PME# supported from D0 D3hot D3cold
[    0.517601] pci 0000:00:16.6: [15ad:07a0] type 01 class 0x060400
[    0.518467] pci 0000:00:16.6: PME# supported from D0 D3hot D3cold
[    0.518979] pci 0000:00:16.7: [15ad:07a0] type 01 class 0x060400
[    0.519758] pci 0000:00:16.7: PME# supported from D0 D3hot D3cold
[    0.520583] pci 0000:00:17.0: [15ad:07a0] type 01 class 0x060400
[    0.521374] pci 0000:00:17.0: PME# supported from D0 D3hot D3cold
[    0.521804] pci 0000:00:17.1: [15ad:07a0] type 01 class 0x060400
[    0.522575] pci 0000:00:17.1: PME# supported from D0 D3hot D3cold
[    0.523052] pci 0000:00:17.2: [15ad:07a0] type 01 class 0x060400
[    0.523848] pci 0000:00:17.2: PME# supported from D0 D3hot D3cold
[    0.524344] pci 0000:00:17.3: [15ad:07a0] type 01 class 0x060400
[    0.525112] pci 0000:00:17.3: PME# supported from D0 D3hot D3cold
[    0.525593] pci 0000:00:17.4: [15ad:07a0] type 01 class 0x060400
[    0.526459] pci 0000:00:17.4: PME# supported from D0 D3hot D3cold
[    0.526939] pci 0000:00:17.5: [15ad:07a0] type 01 class 0x060400
[    0.527708] pci 0000:00:17.5: PME# supported from D0 D3hot D3cold
[    0.528221] pci 0000:00:17.6: [15ad:07a0] type 01 class 0x060400
[    0.528985] pci 0000:00:17.6: PME# supported from D0 D3hot D3cold
[    0.529477] pci 0000:00:17.7: [15ad:07a0] type 01 class 0x060400
[    0.530295] pci 0000:00:17.7: PME# supported from D0 D3hot D3cold
[    0.531105] pci 0000:00:18.0: [15ad:07a0] type 01 class 0x060400
[    0.531888] pci 0000:00:18.0: PME# supported from D0 D3hot D3cold
[    0.532385] pci 0000:00:18.1: [15ad:07a0] type 01 class 0x060400
[    0.533147] pci 0000:00:18.1: PME# supported from D0 D3hot D3cold
[    0.533621] pci 0000:00:18.2: [15ad:07a0] type 01 class 0x060400
[    0.534416] pci 0000:00:18.2: PME# supported from D0 D3hot D3cold
[    0.534910] pci 0000:00:18.3: [15ad:07a0] type 01 class 0x060400
[    0.535678] pci 0000:00:18.3: PME# supported from D0 D3hot D3cold
[    0.536427] pci 0000:00:18.4: [15ad:07a0] type 01 class 0x060400
[    0.537223] pci 0000:00:18.4: PME# supported from D0 D3hot D3cold
[    0.537699] pci 0000:00:18.5: [15ad:07a0] type 01 class 0x060400
[    0.538525] pci 0000:00:18.5: PME# supported from D0 D3hot D3cold
[    0.539013] pci 0000:00:18.6: [15ad:07a0] type 01 class 0x060400
[    0.539777] pci 0000:00:18.6: PME# supported from D0 D3hot D3cold
[    0.540254] pci 0000:00:18.7: [15ad:07a0] type 01 class 0x060400
[    0.541024] pci 0000:00:18.7: PME# supported from D0 D3hot D3cold
[    0.543714] pci_bus 0000:01: extended config space not accessible
[    0.551836] pci 0000:00:01.0: PCI bridge to [bus 01]
[    0.552038] pci_bus 0000:02: extended config space not accessible
[    0.552182] acpiphp: Slot [32] registered
[    0.552200] acpiphp: Slot [33] registered
[    0.552217] acpiphp: Slot [34] registered
[    0.552233] acpiphp: Slot [35] registered
[    0.552251] acpiphp: Slot [36] registered
[    0.552268] acpiphp: Slot [37] registered
[    0.552283] acpiphp: Slot [38] registered
[    0.552298] acpiphp: Slot [39] registered
[    0.552313] acpiphp: Slot [40] registered
[    0.552328] acpiphp: Slot [41] registered
[    0.552344] acpiphp: Slot [42] registered
[    0.552361] acpiphp: Slot [43] registered
[    0.552376] acpiphp: Slot [44] registered
[    0.552392] acpiphp: Slot [45] registered
[    0.552407] acpiphp: Slot [46] registered
[    0.552422] acpiphp: Slot [47] registered
[    0.552437] acpiphp: Slot [48] registered
[    0.552454] acpiphp: Slot [49] registered
[    0.552469] acpiphp: Slot [50] registered
[    0.552484] acpiphp: Slot [51] registered
[    0.552499] acpiphp: Slot [52] registered
[    0.552515] acpiphp: Slot [53] registered
[    0.552530] acpiphp: Slot [54] registered
[    0.552545] acpiphp: Slot [55] registered
[    0.552563] acpiphp: Slot [56] registered
[    0.552578] acpiphp: Slot [57] registered
[    0.552593] acpiphp: Slot [58] registered
[    0.552608] acpiphp: Slot [59] registered
[    0.552624] acpiphp: Slot [60] registered
[    0.552639] acpiphp: Slot [61] registered
[    0.552656] acpiphp: Slot [62] registered
[    0.552672] acpiphp: Slot [63] registered
[    0.552800] pci 0000:02:00.0: [15ad:0774] type 00 class 0x0c0300
[    0.554256] pci 0000:02:00.0: reg 0x20: [io  0x2080-0x209f]
[    0.557876] pci 0000:02:01.0: [8086:100f] type 00 class 0x020000
[    0.558729] pci 0000:02:01.0: reg 0x10: [mem 0xfd5c0000-0xfd5dffff 64bit]
[    0.559357] pci 0000:02:01.0: reg 0x18: [mem 0xfdff0000-0xfdffffff 64bit]
[    0.559810] pci 0000:02:01.0: reg 0x20: [io  0x2000-0x203f]
[    0.560537] pci 0000:02:01.0: reg 0x30: [mem 0x00000000-0x0000ffff pref]
[    0.560828] pci 0000:02:01.0: PME# supported from D0 D3hot D3cold
[    0.561676] pci 0000:02:02.0: [1274:1371] type 00 class 0x040100
[    0.561901] pci 0000:02:02.0: reg 0x10: [io  0x2040-0x207f]
[    0.564276] pci 0000:02:03.0: [15ad:0770] type 00 class 0x0c0320
[    0.564639] pci 0000:02:03.0: reg 0x10: [mem 0xfd5ef000-0xfd5effff]
[    0.567444] pci 0000:02:04.0: [15ad:07e0] type 00 class 0x010601
[    0.569160] pci 0000:02:04.0: reg 0x24: [mem 0xfd5ee000-0xfd5eefff]
[    0.569427] pci 0000:02:04.0: reg 0x30: [mem 0x00000000-0x0000ffff pref]
[    0.569798] pci 0000:02:04.0: PME# supported from D3hot
[    0.578371] pci 0000:00:11.0: PCI bridge to [bus 02] (subtractive decode)
[    0.578392] pci 0000:00:11.0:   bridge window [io  0x2000-0x3fff]
[    0.578412] pci 0000:00:11.0:   bridge window [mem 0xfd500000-0xfdffffff]
[    0.578449] pci 0000:00:11.0:   bridge window [mem 0xe7b00000-0xe7ffffff 64bit pref]
[    0.578450] pci 0000:00:11.0:   bridge window [mem 0x000a0000-0x000bffff window] (subtractive decode)
[    0.578451] pci 0000:00:11.0:   bridge window [mem 0x000d0000-0x000d3fff window] (subtractive decode)
[    0.578452] pci 0000:00:11.0:   bridge window [mem 0x000d4000-0x000d7fff window] (subtractive decode)
[    0.578453] pci 0000:00:11.0:   bridge window [mem 0x000d8000-0x000dbfff window] (subtractive decode)
[    0.578453] pci 0000:00:11.0:   bridge window [mem 0xc0000000-0xfebfffff window] (subtractive decode)
[    0.578454] pci 0000:00:11.0:   bridge window [io  0x0000-0x0cf7 window] (subtractive decode)
[    0.578455] pci 0000:00:11.0:   bridge window [io  0x0d00-0xfeff window] (subtractive decode)
[    0.586967] pci 0000:00:15.0: PCI bridge to [bus 03]
[    0.586988] pci 0000:00:15.0:   bridge window [io  0x4000-0x4fff]
[    0.587008] pci 0000:00:15.0:   bridge window [mem 0xfd400000-0xfd4fffff]
[    0.587045] pci 0000:00:15.0:   bridge window [mem 0xe7a00000-0xe7afffff 64bit pref]
[    0.595557] pci 0000:00:15.1: PCI bridge to [bus 04]
[    0.595578] pci 0000:00:15.1:   bridge window [io  0x8000-0x8fff]
[    0.595597] pci 0000:00:15.1:   bridge window [mem 0xfd000000-0xfd0fffff]
[    0.595634] pci 0000:00:15.1:   bridge window [mem 0xe7600000-0xe76fffff 64bit pref]
[    0.603110] pci 0000:00:15.2: PCI bridge to [bus 05]
[    0.603131] pci 0000:00:15.2:   bridge window [io  0xc000-0xcfff]
[    0.603150] pci 0000:00:15.2:   bridge window [mem 0xfcc00000-0xfccfffff]
[    0.603187] pci 0000:00:15.2:   bridge window [mem 0xe7200000-0xe72fffff 64bit pref]
[    0.610651] pci 0000:00:15.3: PCI bridge to [bus 06]
[    0.610689] pci 0000:00:15.3:   bridge window [mem 0xfc800000-0xfc8fffff]
[    0.610726] pci 0000:00:15.3:   bridge window [mem 0xe6e00000-0xe6efffff 64bit pref]
[    0.618454] pci 0000:00:15.4: PCI bridge to [bus 07]
[    0.618491] pci 0000:00:15.4:   bridge window [mem 0xfc400000-0xfc4fffff]
[    0.618527] pci 0000:00:15.4:   bridge window [mem 0xe6a00000-0xe6afffff 64bit pref]
[    0.625921] pci 0000:00:15.5: PCI bridge to [bus 08]
[    0.625963] pci 0000:00:15.5:   bridge window [mem 0xfc000000-0xfc0fffff]
[    0.625999] pci 0000:00:15.5:   bridge window [mem 0xe6600000-0xe66fffff 64bit pref]
[    0.633767] pci 0000:00:15.6: PCI bridge to [bus 09]
[    0.633797] pci 0000:00:15.6:   bridge window [mem 0xfbc00000-0xfbcfffff]
[    0.633833] pci 0000:00:15.6:   bridge window [mem 0xe6200000-0xe62fffff 64bit pref]
[    0.641900] pci 0000:00:15.7: PCI bridge to [bus 0a]
[    0.641950] pci 0000:00:15.7:   bridge window [mem 0xfb800000-0xfb8fffff]
[    0.641986] pci 0000:00:15.7:   bridge window [mem 0xe5e00000-0xe5efffff 64bit pref]
[    0.649767] pci 0000:00:16.0: PCI bridge to [bus 0b]
[    0.649779] pci 0000:00:16.0:   bridge window [io  0x5000-0x5fff]
[    0.649797] pci 0000:00:16.0:   bridge window [mem 0xfd300000-0xfd3fffff]
[    0.649833] pci 0000:00:16.0:   bridge window [mem 0xe7900000-0xe79fffff 64bit pref]
[    0.658047] pci 0000:00:16.1: PCI bridge to [bus 0c]
[    0.658067] pci 0000:00:16.1:   bridge window [io  0x9000-0x9fff]
[    0.658085] pci 0000:00:16.1:   bridge window [mem 0xfcf00000-0xfcffffff]
[    0.658121] pci 0000:00:16.1:   bridge window [mem 0xe7500000-0xe75fffff 64bit pref]
[    0.666443] pci 0000:00:16.2: PCI bridge to [bus 0d]
[    0.666463] pci 0000:00:16.2:   bridge window [io  0xd000-0xdfff]
[    0.666481] pci 0000:00:16.2:   bridge window [mem 0xfcb00000-0xfcbfffff]
[    0.666517] pci 0000:00:16.2:   bridge window [mem 0xe7100000-0xe71fffff 64bit pref]
[    0.674914] pci 0000:00:16.3: PCI bridge to [bus 0e]
[    0.674950] pci 0000:00:16.3:   bridge window [mem 0xfc700000-0xfc7fffff]
[    0.674985] pci 0000:00:16.3:   bridge window [mem 0xe6d00000-0xe6dfffff 64bit pref]
[    0.682194] pci 0000:00:16.4: PCI bridge to [bus 0f]
[    0.682231] pci 0000:00:16.4:   bridge window [mem 0xfc300000-0xfc3fffff]
[    0.682266] pci 0000:00:16.4:   bridge window [mem 0xe6900000-0xe69fffff 64bit pref]
[    0.689767] pci 0000:00:16.5: PCI bridge to [bus 10]
[    0.689795] pci 0000:00:16.5:   bridge window [mem 0xfbf00000-0xfbffffff]
[    0.689830] pci 0000:00:16.5:   bridge window [mem 0xe6500000-0xe65fffff 64bit pref]
[    0.697875] pci 0000:00:16.6: PCI bridge to [bus 11]
[    0.697921] pci 0000:00:16.6:   bridge window [mem 0xfbb00000-0xfbbfffff]
[    0.697956] pci 0000:00:16.6:   bridge window [mem 0xe6100000-0xe61fffff 64bit pref]
[    0.705780] pci 0000:00:16.7: PCI bridge to [bus 12]
[    0.705823] pci 0000:00:16.7:   bridge window [mem 0xfb700000-0xfb7fffff]
[    0.705860] pci 0000:00:16.7:   bridge window [mem 0xe5d00000-0xe5dfffff 64bit pref]
[    0.714705] pci 0000:00:17.0: PCI bridge to [bus 13]
[    0.714729] pci 0000:00:17.0:   bridge window [io  0x6000-0x6fff]
[    0.714761] pci 0000:00:17.0:   bridge window [mem 0xfd200000-0xfd2fffff]
[    0.714813] pci 0000:00:17.0:   bridge window [mem 0xe7800000-0xe78fffff 64bit pref]
[    0.722434] pci 0000:00:17.1: PCI bridge to [bus 14]
[    0.722454] pci 0000:00:17.1:   bridge window [io  0xa000-0xafff]
[    0.722473] pci 0000:00:17.1:   bridge window [mem 0xfce00000-0xfcefffff]
[    0.722509] pci 0000:00:17.1:   bridge window [mem 0xe7400000-0xe74fffff 64bit pref]
[    0.730382] pci 0000:00:17.2: PCI bridge to [bus 15]
[    0.730406] pci 0000:00:17.2:   bridge window [io  0xe000-0xefff]
[    0.730428] pci 0000:00:17.2:   bridge window [mem 0xfca00000-0xfcafffff]
[    0.730467] pci 0000:00:17.2:   bridge window [mem 0xe7000000-0xe70fffff 64bit pref]
[    0.739306] pci 0000:00:17.3: PCI bridge to [bus 16]
[    0.739350] pci 0000:00:17.3:   bridge window [mem 0xfc600000-0xfc6fffff]
[    0.739394] pci 0000:00:17.3:   bridge window [mem 0xe6c00000-0xe6cfffff 64bit pref]
[    0.747266] pci 0000:00:17.4: PCI bridge to [bus 17]
[    0.747308] pci 0000:00:17.4:   bridge window [mem 0xfc200000-0xfc2fffff]
[    0.747350] pci 0000:00:17.4:   bridge window [mem 0xe6800000-0xe68fffff 64bit pref]
[    0.756342] pci 0000:00:17.5: PCI bridge to [bus 18]
[    0.756388] pci 0000:00:17.5:   bridge window [mem 0xfbe00000-0xfbefffff]
[    0.756428] pci 0000:00:17.5:   bridge window [mem 0xe6400000-0xe64fffff 64bit pref]
[    0.764431] pci 0000:00:17.6: PCI bridge to [bus 19]
[    0.764473] pci 0000:00:17.6:   bridge window [mem 0xfba00000-0xfbafffff]
[    0.764515] pci 0000:00:17.6:   bridge window [mem 0xe6000000-0xe60fffff 64bit pref]
[    0.772380] pci 0000:00:17.7: PCI bridge to [bus 1a]
[    0.772427] pci 0000:00:17.7:   bridge window [mem 0xfb600000-0xfb6fffff]
[    0.772466] pci 0000:00:17.7:   bridge window [mem 0xe5c00000-0xe5cfffff 64bit pref]
[    0.780605] pci 0000:00:18.0: PCI bridge to [bus 1b]
[    0.780630] pci 0000:00:18.0:   bridge window [io  0x7000-0x7fff]
[    0.780653] pci 0000:00:18.0:   bridge window [mem 0xfd100000-0xfd1fffff]
[    0.780694] pci 0000:00:18.0:   bridge window [mem 0xe7700000-0xe77fffff 64bit pref]
[    0.789384] pci 0000:00:18.1: PCI bridge to [bus 1c]
[    0.789406] pci 0000:00:18.1:   bridge window [io  0xb000-0xbfff]
[    0.789425] pci 0000:00:18.1:   bridge window [mem 0xfcd00000-0xfcdfffff]
[    0.789463] pci 0000:00:18.1:   bridge window [mem 0xe7300000-0xe73fffff 64bit pref]
[    0.798673] pci 0000:00:18.2: PCI bridge to [bus 1d]
[    0.798717] pci 0000:00:18.2:   bridge window [mem 0xfc900000-0xfc9fffff]
[    0.798764] pci 0000:00:18.2:   bridge window [mem 0xe6f00000-0xe6ffffff 64bit pref]
[    0.806959] pci 0000:00:18.3: PCI bridge to [bus 1e]
[    0.807003] pci 0000:00:18.3:   bridge window [mem 0xfc500000-0xfc5fffff]
[    0.807049] pci 0000:00:18.3:   bridge window [mem 0xe6b00000-0xe6bfffff 64bit pref]
[    0.815375] pci 0000:00:18.4: PCI bridge to [bus 1f]
[    0.815425] pci 0000:00:18.4:   bridge window [mem 0xfc100000-0xfc1fffff]
[    0.815466] pci 0000:00:18.4:   bridge window [mem 0xe6700000-0xe67fffff 64bit pref]
[    0.823875] pci 0000:00:18.5: PCI bridge to [bus 20]
[    0.823923] pci 0000:00:18.5:   bridge window [mem 0xfbd00000-0xfbdfffff]
[    0.823966] pci 0000:00:18.5:   bridge window [mem 0xe6300000-0xe63fffff 64bit pref]
[    0.832340] pci 0000:00:18.6: PCI bridge to [bus 21]
[    0.832384] pci 0000:00:18.6:   bridge window [mem 0xfb900000-0xfb9fffff]
[    0.832429] pci 0000:00:18.6:   bridge window [mem 0xe5f00000-0xe5ffffff 64bit pref]
[    0.840588] pci 0000:00:18.7: PCI bridge to [bus 22]
[    0.840629] pci 0000:00:18.7:   bridge window [mem 0xfb500000-0xfb5fffff]
[    0.840668] pci 0000:00:18.7:   bridge window [mem 0xe5b00000-0xe5bfffff 64bit pref]
[    0.842895] ACPI: PCI: Interrupt link LNKA configured for IRQ 9
[    0.842968] ACPI: PCI: Interrupt link LNKB configured for IRQ 11
[    0.843038] ACPI: PCI: Interrupt link LNKC configured for IRQ 10
[    0.843105] ACPI: PCI: Interrupt link LNKD configured for IRQ 7
[    0.872309] iommu: Default domain type: Translated 
[    0.872309] iommu: DMA domain TLB invalidation policy: lazy mode 
[    0.872309] pci 0000:00:0f.0: vgaarb: setting as boot VGA device
[    0.872309] pci 0000:00:0f.0: vgaarb: VGA device added: decodes=io+mem,owns=io+mem,locks=none
[    0.872309] pci 0000:00:0f.0: vgaarb: bridge control possible
[    0.872309] vgaarb: loaded
[    0.872309] SCSI subsystem initialized
[    0.872309] libata version 3.00 loaded.
[    0.872309] ACPI: bus type USB registered
[    0.872309] usbcore: registered new interface driver usbfs
[    0.872309] usbcore: registered new interface driver hub
[    0.872309] usbcore: registered new device driver usb
[    0.872309] pps_core: LinuxPPS API ver. 1 registered
[    0.872309] pps_core: Software ver. 5.3.6 - Copyright 2005-2007 Rodolfo Giometti <giometti@linux.it>
[    0.872309] PTP clock support registered
[    0.873863] EDAC MC: Ver: 3.0.0
[    0.875072] NetLabel: Initializing
[    0.875072] NetLabel:  domain hash size = 128
[    0.875072] NetLabel:  protocols = UNLABELED CIPSOv4 CALIPSO
[    0.875072] NetLabel:  unlabeled traffic allowed by default
[    0.875072] PCI: Using ACPI for IRQ routing
[    0.888612] PCI: pci_cache_line_size set to 64 bytes
[    0.889905] e820: reserve RAM buffer [mem 0x0009e800-0x0009ffff]
[    0.889909] e820: reserve RAM buffer [mem 0xbfed0000-0xbfffffff]
[    0.891244] hpet0: at MMIO 0xfed00000, IRQs 2, 8, 0, 0, 0, 0, 0, 0, 0, 0, 0, 0, 0, 0, 0, 0
[    0.891255] hpet0: 16 comparators, 64-bit 14.318180 MHz counter
[    0.893834] clocksource: Switched to clocksource tsc-early
[    0.927973] VFS: Disk quotas dquot_6.6.0
[    0.928031] VFS: Dquot-cache hash table entries: 512 (order 0, 4096 bytes)
[    0.928309] AppArmor: AppArmor Filesystem Enabled
[    0.928335] pnp: PnP ACPI init
[    0.928630] system 00:00: [io  0x1000-0x103f] has been reserved
[    0.928634] system 00:00: [io  0x1040-0x104f] has been reserved
[    0.928637] system 00:00: [io  0x0cf0-0x0cf1] has been reserved
[    0.929188] system 00:04: [mem 0xfed00000-0xfed003ff] has been reserved
[    0.932023] system 00:06: [io  0xfce0-0xfcff] has been reserved
[    0.932028] system 00:06: [mem 0xf0000000-0xf7ffffff] has been reserved
[    0.932030] system 00:06: [mem 0xfe800000-0xfe9fffff] has been reserved
[    0.971107] pnp: PnP ACPI: found 7 devices
[    0.982667] clocksource: acpi_pm: mask: 0xffffff max_cycles: 0xffffff, max_idle_ns: 2085701024 ns
[    0.982667] NET: Registered PF_INET protocol family
[    0.986827] IP idents hash table entries: 262144 (order: 9, 2097152 bytes, linear)
[    0.989645] tcp_listen_portaddr_hash hash table entries: 8192 (order: 5, 131072 bytes, linear)
[    0.990111] Table-perturb hash table entries: 65536 (order: 6, 262144 bytes, linear)
[    0.990834] TCP established hash table entries: 131072 (order: 8, 1048576 bytes, linear)
[    0.992446] TCP bind hash table entries: 65536 (order: 8, 1048576 bytes, linear)
[    0.992516] TCP: Hash tables configured (established 131072 bind 65536)
[    0.993511] MPTCP token hash table entries: 16384 (order: 6, 393216 bytes, linear)
[    0.993777] UDP hash table entries: 8192 (order: 6, 262144 bytes, linear)
[    0.993929] UDP-Lite hash table entries: 8192 (order: 6, 262144 bytes, linear)
[    0.994510] NET: Registered PF_UNIX/PF_LOCAL protocol family
[    0.994519] NET: Registered PF_XDP protocol family
[    0.994540] pci 0000:00:15.3: bridge window [io  0x1000-0x0fff] to [bus 06] add_size 1000
[    0.994545] pci 0000:00:15.4: bridge window [io  0x1000-0x0fff] to [bus 07] add_size 1000
[    0.994548] pci 0000:00:15.5: bridge window [io  0x1000-0x0fff] to [bus 08] add_size 1000
[    0.994550] pci 0000:00:15.6: bridge window [io  0x1000-0x0fff] to [bus 09] add_size 1000
[    0.994553] pci 0000:00:15.7: bridge window [io  0x1000-0x0fff] to [bus 0a] add_size 1000
[    0.994556] pci 0000:00:16.3: bridge window [io  0x1000-0x0fff] to [bus 0e] add_size 1000
[    0.994559] pci 0000:00:16.4: bridge window [io  0x1000-0x0fff] to [bus 0f] add_size 1000
[    0.994561] pci 0000:00:16.5: bridge window [io  0x1000-0x0fff] to [bus 10] add_size 1000
[    0.994564] pci 0000:00:16.6: bridge window [io  0x1000-0x0fff] to [bus 11] add_size 1000
[    0.994567] pci 0000:00:16.7: bridge window [io  0x1000-0x0fff] to [bus 12] add_size 1000
[    0.994570] pci 0000:00:17.3: bridge window [io  0x1000-0x0fff] to [bus 16] add_size 1000
[    0.994572] pci 0000:00:17.4: bridge window [io  0x1000-0x0fff] to [bus 17] add_size 1000
[    0.994575] pci 0000:00:17.5: bridge window [io  0x1000-0x0fff] to [bus 18] add_size 1000
[    0.994577] pci 0000:00:17.6: bridge window [io  0x1000-0x0fff] to [bus 19] add_size 1000
[    0.994579] pci 0000:00:17.7: bridge window [io  0x1000-0x0fff] to [bus 1a] add_size 1000
[    0.994582] pci 0000:00:18.2: bridge window [io  0x1000-0x0fff] to [bus 1d] add_size 1000
[    0.994584] pci 0000:00:18.3: bridge window [io  0x1000-0x0fff] to [bus 1e] add_size 1000
[    0.994587] pci 0000:00:18.4: bridge window [io  0x1000-0x0fff] to [bus 1f] add_size 1000
[    0.994589] pci 0000:00:18.5: bridge window [io  0x1000-0x0fff] to [bus 20] add_size 1000
[    0.994592] pci 0000:00:18.6: bridge window [io  0x1000-0x0fff] to [bus 21] add_size 1000
[    0.994594] pci 0000:00:18.7: bridge window [io  0x1000-0x0fff] to [bus 22] add_size 1000
[    0.994612] pci 0000:00:10.0: BAR 6: assigned [mem 0xc0000000-0xc0003fff pref]
[    0.994618] pci 0000:00:15.3: BAR 13: no space for [io  size 0x1000]
[    0.994620] pci 0000:00:15.3: BAR 13: failed to assign [io  size 0x1000]
[    0.994623] pci 0000:00:15.4: BAR 13: no space for [io  size 0x1000]
[    0.994625] pci 0000:00:15.4: BAR 13: failed to assign [io  size 0x1000]
[    0.994627] pci 0000:00:15.5: BAR 13: no space for [io  size 0x1000]
[    0.994629] pci 0000:00:15.5: BAR 13: failed to assign [io  size 0x1000]
[    0.994632] pci 0000:00:15.6: BAR 13: no space for [io  size 0x1000]
[    0.994634] pci 0000:00:15.6: BAR 13: failed to assign [io  size 0x1000]
[    0.994636] pci 0000:00:15.7: BAR 13: no space for [io  size 0x1000]
[    0.994638] pci 0000:00:15.7: BAR 13: failed to assign [io  size 0x1000]
[    0.994641] pci 0000:00:16.3: BAR 13: no space for [io  size 0x1000]
[    0.994642] pci 0000:00:16.3: BAR 13: failed to assign [io  size 0x1000]
[    0.994645] pci 0000:00:16.4: BAR 13: no space for [io  size 0x1000]
[    0.994647] pci 0000:00:16.4: BAR 13: failed to assign [io  size 0x1000]
[    0.994649] pci 0000:00:16.5: BAR 13: no space for [io  size 0x1000]
[    0.994651] pci 0000:00:16.5: BAR 13: failed to assign [io  size 0x1000]
[    0.994654] pci 0000:00:16.6: BAR 13: no space for [io  size 0x1000]
[    0.994656] pci 0000:00:16.6: BAR 13: failed to assign [io  size 0x1000]
[    0.994658] pci 0000:00:16.7: BAR 13: no space for [io  size 0x1000]
[    0.994660] pci 0000:00:16.7: BAR 13: failed to assign [io  size 0x1000]
[    0.994663] pci 0000:00:17.3: BAR 13: no space for [io  size 0x1000]
[    0.994664] pci 0000:00:17.3: BAR 13: failed to assign [io  size 0x1000]
[    0.994667] pci 0000:00:17.4: BAR 13: no space for [io  size 0x1000]
[    0.994669] pci 0000:00:17.4: BAR 13: failed to assign [io  size 0x1000]
[    0.994671] pci 0000:00:17.5: BAR 13: no space for [io  size 0x1000]
[    0.994673] pci 0000:00:17.5: BAR 13: failed to assign [io  size 0x1000]
[    0.994676] pci 0000:00:17.6: BAR 13: no space for [io  size 0x1000]
[    0.994677] pci 0000:00:17.6: BAR 13: failed to assign [io  size 0x1000]
[    0.994680] pci 0000:00:17.7: BAR 13: no space for [io  size 0x1000]
[    0.994682] pci 0000:00:17.7: BAR 13: failed to assign [io  size 0x1000]
[    0.994684] pci 0000:00:18.2: BAR 13: no space for [io  size 0x1000]
[    0.994686] pci 0000:00:18.2: BAR 13: failed to assign [io  size 0x1000]
[    0.994688] pci 0000:00:18.3: BAR 13: no space for [io  size 0x1000]
[    0.994691] pci 0000:00:18.3: BAR 13: failed to assign [io  size 0x1000]
[    0.994694] pci 0000:00:18.4: BAR 13: no space for [io  size 0x1000]
[    0.994696] pci 0000:00:18.4: BAR 13: failed to assign [io  size 0x1000]
[    0.994698] pci 0000:00:18.5: BAR 13: no space for [io  size 0x1000]
[    0.994700] pci 0000:00:18.5: BAR 13: failed to assign [io  size 0x1000]
[    0.994702] pci 0000:00:18.6: BAR 13: no space for [io  size 0x1000]
[    0.994704] pci 0000:00:18.6: BAR 13: failed to assign [io  size 0x1000]
[    0.994706] pci 0000:00:18.7: BAR 13: no space for [io  size 0x1000]
[    0.994708] pci 0000:00:18.7: BAR 13: failed to assign [io  size 0x1000]
[    0.994717] pci 0000:00:18.7: BAR 13: no space for [io  size 0x1000]
[    0.994719] pci 0000:00:18.7: BAR 13: failed to assign [io  size 0x1000]
[    0.994721] pci 0000:00:18.6: BAR 13: no space for [io  size 0x1000]
[    0.994723] pci 0000:00:18.6: BAR 13: failed to assign [io  size 0x1000]
[    0.994725] pci 0000:00:18.5: BAR 13: no space for [io  size 0x1000]
[    0.994727] pci 0000:00:18.5: BAR 13: failed to assign [io  size 0x1000]
[    0.994730] pci 0000:00:18.4: BAR 13: no space for [io  size 0x1000]
[    0.994732] pci 0000:00:18.4: BAR 13: failed to assign [io  size 0x1000]
[    0.994734] pci 0000:00:18.3: BAR 13: no space for [io  size 0x1000]
[    0.994736] pci 0000:00:18.3: BAR 13: failed to assign [io  size 0x1000]
[    0.994738] pci 0000:00:18.2: BAR 13: no space for [io  size 0x1000]
[    0.994740] pci 0000:00:18.2: BAR 13: failed to assign [io  size 0x1000]
[    0.994742] pci 0000:00:17.7: BAR 13: no space for [io  size 0x1000]
[    0.994744] pci 0000:00:17.7: BAR 13: failed to assign [io  size 0x1000]
[    0.994747] pci 0000:00:17.6: BAR 13: no space for [io  size 0x1000]
[    0.994749] pci 0000:00:17.6: BAR 13: failed to assign [io  size 0x1000]
[    0.994751] pci 0000:00:17.5: BAR 13: no space for [io  size 0x1000]
[    0.994753] pci 0000:00:17.5: BAR 13: failed to assign [io  size 0x1000]
[    0.994755] pci 0000:00:17.4: BAR 13: no space for [io  size 0x1000]
[    0.994757] pci 0000:00:17.4: BAR 13: failed to assign [io  size 0x1000]
[    0.994760] pci 0000:00:17.3: BAR 13: no space for [io  size 0x1000]
[    0.994762] pci 0000:00:17.3: BAR 13: failed to assign [io  size 0x1000]
[    0.994764] pci 0000:00:16.7: BAR 13: no space for [io  size 0x1000]
[    0.994766] pci 0000:00:16.7: BAR 13: failed to assign [io  size 0x1000]
[    0.994769] pci 0000:00:16.6: BAR 13: no space for [io  size 0x1000]
[    0.994770] pci 0000:00:16.6: BAR 13: failed to assign [io  size 0x1000]
[    0.994773] pci 0000:00:16.5: BAR 13: no space for [io  size 0x1000]
[    0.994775] pci 0000:00:16.5: BAR 13: failed to assign [io  size 0x1000]
[    0.994777] pci 0000:00:16.4: BAR 13: no space for [io  size 0x1000]
[    0.994779] pci 0000:00:16.4: BAR 13: failed to assign [io  size 0x1000]
[    0.994782] pci 0000:00:16.3: BAR 13: no space for [io  size 0x1000]
[    0.994783] pci 0000:00:16.3: BAR 13: failed to assign [io  size 0x1000]
[    0.994785] pci 0000:00:15.7: BAR 13: no space for [io  size 0x1000]
[    0.994787] pci 0000:00:15.7: BAR 13: failed to assign [io  size 0x1000]
[    0.994788] pci 0000:00:15.6: BAR 13: no space for [io  size 0x1000]
[    0.994790] pci 0000:00:15.6: BAR 13: failed to assign [io  size 0x1000]
[    0.994795] pci 0000:00:15.5: BAR 13: no space for [io  size 0x1000]
[    0.994797] pci 0000:00:15.5: BAR 13: failed to assign [io  size 0x1000]
[    0.994799] pci 0000:00:15.4: BAR 13: no space for [io  size 0x1000]
[    0.994801] pci 0000:00:15.4: BAR 13: failed to assign [io  size 0x1000]
[    0.994804] pci 0000:00:15.3: BAR 13: no space for [io  size 0x1000]
[    0.994805] pci 0000:00:15.3: BAR 13: failed to assign [io  size 0x1000]
[    0.994808] pci 0000:00:01.0: PCI bridge to [bus 01]
[    0.994954] pci 0000:02:01.0: BAR 6: assigned [mem 0xfd500000-0xfd50ffff pref]
[    0.994957] pci 0000:02:04.0: BAR 6: assigned [mem 0xfd510000-0xfd51ffff pref]
[    0.994959] pci 0000:00:11.0: PCI bridge to [bus 02]
[    0.994976] pci 0000:00:11.0:   bridge window [io  0x2000-0x3fff]
[    0.995024] pci 0000:00:11.0:   bridge window [mem 0xfd500000-0xfdffffff]
[    0.995054] pci 0000:00:11.0:   bridge window [mem 0xe7b00000-0xe7ffffff 64bit pref]
[    0.995117] pci 0000:00:15.0: PCI bridge to [bus 03]
[    0.995134] pci 0000:00:15.0:   bridge window [io  0x4000-0x4fff]
[    0.995189] pci 0000:00:15.0:   bridge window [mem 0xfd400000-0xfd4fffff]
[    0.995218] pci 0000:00:15.0:   bridge window [mem 0xe7a00000-0xe7afffff 64bit pref]
[    0.995321] pci 0000:00:15.1: PCI bridge to [bus 04]
[    0.995337] pci 0000:00:15.1:   bridge window [io  0x8000-0x8fff]
[    0.995381] pci 0000:00:15.1:   bridge window [mem 0xfd000000-0xfd0fffff]
[    0.995410] pci 0000:00:15.1:   bridge window [mem 0xe7600000-0xe76fffff 64bit pref]
[    0.995480] pci 0000:00:15.2: PCI bridge to [bus 05]
[    0.995496] pci 0000:00:15.2:   bridge window [io  0xc000-0xcfff]
[    0.995538] pci 0000:00:15.2:   bridge window [mem 0xfcc00000-0xfccfffff]
[    0.995568] pci 0000:00:15.2:   bridge window [mem 0xe7200000-0xe72fffff 64bit pref]
[    0.995636] pci 0000:00:15.3: PCI bridge to [bus 06]
[    0.995685] pci 0000:00:15.3:   bridge window [mem 0xfc800000-0xfc8fffff]
[    0.995714] pci 0000:00:15.3:   bridge window [mem 0xe6e00000-0xe6efffff 64bit pref]
[    0.995783] pci 0000:00:15.4: PCI bridge to [bus 07]
[    0.995825] pci 0000:00:15.4:   bridge window [mem 0xfc400000-0xfc4fffff]
[    0.995854] pci 0000:00:15.4:   bridge window [mem 0xe6a00000-0xe6afffff 64bit pref]
[    0.995922] pci 0000:00:15.5: PCI bridge to [bus 08]
[    0.995965] pci 0000:00:15.5:   bridge window [mem 0xfc000000-0xfc0fffff]
[    0.995994] pci 0000:00:15.5:   bridge window [mem 0xe6600000-0xe66fffff 64bit pref]
[    0.996062] pci 0000:00:15.6: PCI bridge to [bus 09]
[    0.996105] pci 0000:00:15.6:   bridge window [mem 0xfbc00000-0xfbcfffff]
[    0.996134] pci 0000:00:15.6:   bridge window [mem 0xe6200000-0xe62fffff 64bit pref]
[    0.996202] pci 0000:00:15.7: PCI bridge to [bus 0a]
[    0.996245] pci 0000:00:15.7:   bridge window [mem 0xfb800000-0xfb8fffff]
[    0.996275] pci 0000:00:15.7:   bridge window [mem 0xe5e00000-0xe5efffff 64bit pref]
[    0.996342] pci 0000:00:16.0: PCI bridge to [bus 0b]
[    0.996358] pci 0000:00:16.0:   bridge window [io  0x5000-0x5fff]
[    0.996400] pci 0000:00:16.0:   bridge window [mem 0xfd300000-0xfd3fffff]
[    0.996432] pci 0000:00:16.0:   bridge window [mem 0xe7900000-0xe79fffff 64bit pref]
[    0.996503] pci 0000:00:16.1: PCI bridge to [bus 0c]
[    0.996519] pci 0000:00:16.1:   bridge window [io  0x9000-0x9fff]
[    0.996562] pci 0000:00:16.1:   bridge window [mem 0xfcf00000-0xfcffffff]
[    0.996592] pci 0000:00:16.1:   bridge window [mem 0xe7500000-0xe75fffff 64bit pref]
[    0.996652] pci 0000:00:16.2: PCI bridge to [bus 0d]
[    0.996666] pci 0000:00:16.2:   bridge window [io  0xd000-0xdfff]
[    0.996706] pci 0000:00:16.2:   bridge window [mem 0xfcb00000-0xfcbfffff]
[    0.996731] pci 0000:00:16.2:   bridge window [mem 0xe7100000-0xe71fffff 64bit pref]
[    0.996793] pci 0000:00:16.3: PCI bridge to [bus 0e]
[    0.996834] pci 0000:00:16.3:   bridge window [mem 0xfc700000-0xfc7fffff]
[    0.996860] pci 0000:00:16.3:   bridge window [mem 0xe6d00000-0xe6dfffff 64bit pref]
[    0.996925] pci 0000:00:16.4: PCI bridge to [bus 0f]
[    0.996962] pci 0000:00:16.4:   bridge window [mem 0xfc300000-0xfc3fffff]
[    0.996992] pci 0000:00:16.4:   bridge window [mem 0xe6900000-0xe69fffff 64bit pref]
[    0.997057] pci 0000:00:16.5: PCI bridge to [bus 10]
[    0.997098] pci 0000:00:16.5:   bridge window [mem 0xfbf00000-0xfbffffff]
[    0.997122] pci 0000:00:16.5:   bridge window [mem 0xe6500000-0xe65fffff 64bit pref]
[    0.997186] pci 0000:00:16.6: PCI bridge to [bus 11]
[    0.997249] pci 0000:00:16.6:   bridge window [mem 0xfbb00000-0xfbbfffff]
[    0.997279] pci 0000:00:16.6:   bridge window [mem 0xe6100000-0xe61fffff 64bit pref]
[    0.997345] pci 0000:00:16.7: PCI bridge to [bus 12]
[    0.997382] pci 0000:00:16.7:   bridge window [mem 0xfb700000-0xfb7fffff]
[    0.997411] pci 0000:00:16.7:   bridge window [mem 0xe5d00000-0xe5dfffff 64bit pref]
[    0.997470] pci 0000:00:17.0: PCI bridge to [bus 13]
[    0.997486] pci 0000:00:17.0:   bridge window [io  0x6000-0x6fff]
[    0.997527] pci 0000:00:17.0:   bridge window [mem 0xfd200000-0xfd2fffff]
[    0.997551] pci 0000:00:17.0:   bridge window [mem 0xe7800000-0xe78fffff 64bit pref]
[    0.997614] pci 0000:00:17.1: PCI bridge to [bus 14]
[    0.997628] pci 0000:00:17.1:   bridge window [io  0xa000-0xafff]
[    0.997668] pci 0000:00:17.1:   bridge window [mem 0xfce00000-0xfcefffff]
[    0.997699] pci 0000:00:17.1:   bridge window [mem 0xe7400000-0xe74fffff 64bit pref]
[    0.997754] pci 0000:00:17.2: PCI bridge to [bus 15]
[    0.997768] pci 0000:00:17.2:   bridge window [io  0xe000-0xefff]
[    0.997803] pci 0000:00:17.2:   bridge window [mem 0xfca00000-0xfcafffff]
[    0.997827] pci 0000:00:17.2:   bridge window [mem 0xe7000000-0xe70fffff 64bit pref]
[    0.997882] pci 0000:00:17.3: PCI bridge to [bus 16]
[    0.997917] pci 0000:00:17.3:   bridge window [mem 0xfc600000-0xfc6fffff]
[    0.997941] pci 0000:00:17.3:   bridge window [mem 0xe6c00000-0xe6cfffff 64bit pref]
[    0.998002] pci 0000:00:17.4: PCI bridge to [bus 17]
[    0.998038] pci 0000:00:17.4:   bridge window [mem 0xfc200000-0xfc2fffff]
[    0.998062] pci 0000:00:17.4:   bridge window [mem 0xe6800000-0xe68fffff 64bit pref]
[    0.998121] pci 0000:00:17.5: PCI bridge to [bus 18]
[    0.998157] pci 0000:00:17.5:   bridge window [mem 0xfbe00000-0xfbefffff]
[    0.998183] pci 0000:00:17.5:   bridge window [mem 0xe6400000-0xe64fffff 64bit pref]
[    0.998246] pci 0000:00:17.6: PCI bridge to [bus 19]
[    0.998287] pci 0000:00:17.6:   bridge window [mem 0xfba00000-0xfbafffff]
[    0.998315] pci 0000:00:17.6:   bridge window [mem 0xe6000000-0xe60fffff 64bit pref]
[    0.998380] pci 0000:00:17.7: PCI bridge to [bus 1a]
[    0.998417] pci 0000:00:17.7:   bridge window [mem 0xfb600000-0xfb6fffff]
[    0.998447] pci 0000:00:17.7:   bridge window [mem 0xe5c00000-0xe5cfffff 64bit pref]
[    0.998510] pci 0000:00:18.0: PCI bridge to [bus 1b]
[    0.998525] pci 0000:00:18.0:   bridge window [io  0x7000-0x7fff]
[    0.998564] pci 0000:00:18.0:   bridge window [mem 0xfd100000-0xfd1fffff]
[    0.998591] pci 0000:00:18.0:   bridge window [mem 0xe7700000-0xe77fffff 64bit pref]
[    0.998651] pci 0000:00:18.1: PCI bridge to [bus 1c]
[    0.998665] pci 0000:00:18.1:   bridge window [io  0xb000-0xbfff]
[    0.998706] pci 0000:00:18.1:   bridge window [mem 0xfcd00000-0xfcdfffff]
[    0.998731] pci 0000:00:18.1:   bridge window [mem 0xe7300000-0xe73fffff 64bit pref]
[    0.998795] pci 0000:00:18.2: PCI bridge to [bus 1d]
[    0.998832] pci 0000:00:18.2:   bridge window [mem 0xfc900000-0xfc9fffff]
[    0.998860] pci 0000:00:18.2:   bridge window [mem 0xe6f00000-0xe6ffffff 64bit pref]
[    0.998919] pci 0000:00:18.3: PCI bridge to [bus 1e]
[    0.998960] pci 0000:00:18.3:   bridge window [mem 0xfc500000-0xfc5fffff]
[    0.998985] pci 0000:00:18.3:   bridge window [mem 0xe6b00000-0xe6bfffff 64bit pref]
[    0.999048] pci 0000:00:18.4: PCI bridge to [bus 1f]
[    0.999085] pci 0000:00:18.4:   bridge window [mem 0xfc100000-0xfc1fffff]
[    0.999113] pci 0000:00:18.4:   bridge window [mem 0xe6700000-0xe67fffff 64bit pref]
[    0.999171] pci 0000:00:18.5: PCI bridge to [bus 20]
[    0.999212] pci 0000:00:18.5:   bridge window [mem 0xfbd00000-0xfbdfffff]
[    0.999239] pci 0000:00:18.5:   bridge window [mem 0xe6300000-0xe63fffff 64bit pref]
[    0.999299] pci 0000:00:18.6: PCI bridge to [bus 21]
[    0.999337] pci 0000:00:18.6:   bridge window [mem 0xfb900000-0xfb9fffff]
[    0.999365] pci 0000:00:18.6:   bridge window [mem 0xe5f00000-0xe5ffffff 64bit pref]
[    0.999424] pci 0000:00:18.7: PCI bridge to [bus 22]
[    0.999464] pci 0000:00:18.7:   bridge window [mem 0xfb500000-0xfb5fffff]
[    0.999491] pci 0000:00:18.7:   bridge window [mem 0xe5b00000-0xe5bfffff 64bit pref]
[    0.999552] pci_bus 0000:00: resource 4 [mem 0x000a0000-0x000bffff window]
[    0.999554] pci_bus 0000:00: resource 5 [mem 0x000d0000-0x000d3fff window]
[    0.999556] pci_bus 0000:00: resource 6 [mem 0x000d4000-0x000d7fff window]
[    0.999558] pci_bus 0000:00: resource 7 [mem 0x000d8000-0x000dbfff window]
[    0.999560] pci_bus 0000:00: resource 8 [mem 0xc0000000-0xfebfffff window]
[    0.999562] pci_bus 0000:00: resource 9 [io  0x0000-0x0cf7 window]
[    0.999564] pci_bus 0000:00: resource 10 [io  0x0d00-0xfeff window]
[    0.999567] pci_bus 0000:02: resource 0 [io  0x2000-0x3fff]
[    0.999568] pci_bus 0000:02: resource 1 [mem 0xfd500000-0xfdffffff]
[    0.999569] pci_bus 0000:02: resource 2 [mem 0xe7b00000-0xe7ffffff 64bit pref]
[    0.999570] pci_bus 0000:02: resource 4 [mem 0x000a0000-0x000bffff window]
[    0.999571] pci_bus 0000:02: resource 5 [mem 0x000d0000-0x000d3fff window]
[    0.999572] pci_bus 0000:02: resource 6 [mem 0x000d4000-0x000d7fff window]
[    0.999573] pci_bus 0000:02: resource 7 [mem 0x000d8000-0x000dbfff window]
[    0.999574] pci_bus 0000:02: resource 8 [mem 0xc0000000-0xfebfffff window]
[    0.999575] pci_bus 0000:02: resource 9 [io  0x0000-0x0cf7 window]
[    0.999576] pci_bus 0000:02: resource 10 [io  0x0d00-0xfeff window]
[    0.999577] pci_bus 0000:03: resource 0 [io  0x4000-0x4fff]
[    0.999578] pci_bus 0000:03: resource 1 [mem 0xfd400000-0xfd4fffff]
[    0.999579] pci_bus 0000:03: resource 2 [mem 0xe7a00000-0xe7afffff 64bit pref]
[    0.999581] pci_bus 0000:04: resource 0 [io  0x8000-0x8fff]
[    0.999582] pci_bus 0000:04: resource 1 [mem 0xfd000000-0xfd0fffff]
[    0.999583] pci_bus 0000:04: resource 2 [mem 0xe7600000-0xe76fffff 64bit pref]
[    0.999584] pci_bus 0000:05: resource 0 [io  0xc000-0xcfff]
[    0.999585] pci_bus 0000:05: resource 1 [mem 0xfcc00000-0xfccfffff]
[    0.999586] pci_bus 0000:05: resource 2 [mem 0xe7200000-0xe72fffff 64bit pref]
[    0.999587] pci_bus 0000:06: resource 1 [mem 0xfc800000-0xfc8fffff]
[    0.999588] pci_bus 0000:06: resource 2 [mem 0xe6e00000-0xe6efffff 64bit pref]
[    0.999589] pci_bus 0000:07: resource 1 [mem 0xfc400000-0xfc4fffff]
[    0.999590] pci_bus 0000:07: resource 2 [mem 0xe6a00000-0xe6afffff 64bit pref]
[    0.999592] pci_bus 0000:08: resource 1 [mem 0xfc000000-0xfc0fffff]
[    0.999593] pci_bus 0000:08: resource 2 [mem 0xe6600000-0xe66fffff 64bit pref]
[    0.999594] pci_bus 0000:09: resource 1 [mem 0xfbc00000-0xfbcfffff]
[    0.999595] pci_bus 0000:09: resource 2 [mem 0xe6200000-0xe62fffff 64bit pref]
[    0.999596] pci_bus 0000:0a: resource 1 [mem 0xfb800000-0xfb8fffff]
[    0.999597] pci_bus 0000:0a: resource 2 [mem 0xe5e00000-0xe5efffff 64bit pref]
[    0.999598] pci_bus 0000:0b: resource 0 [io  0x5000-0x5fff]
[    0.999599] pci_bus 0000:0b: resource 1 [mem 0xfd300000-0xfd3fffff]
[    0.999600] pci_bus 0000:0b: resource 2 [mem 0xe7900000-0xe79fffff 64bit pref]
[    0.999601] pci_bus 0000:0c: resource 0 [io  0x9000-0x9fff]
[    0.999603] pci_bus 0000:0c: resource 1 [mem 0xfcf00000-0xfcffffff]
[    0.999604] pci_bus 0000:0c: resource 2 [mem 0xe7500000-0xe75fffff 64bit pref]
[    0.999606] pci_bus 0000:0d: resource 0 [io  0xd000-0xdfff]
[    0.999607] pci_bus 0000:0d: resource 1 [mem 0xfcb00000-0xfcbfffff]
[    0.999609] pci_bus 0000:0d: resource 2 [mem 0xe7100000-0xe71fffff 64bit pref]
[    0.999611] pci_bus 0000:0e: resource 1 [mem 0xfc700000-0xfc7fffff]
[    0.999612] pci_bus 0000:0e: resource 2 [mem 0xe6d00000-0xe6dfffff 64bit pref]
[    0.999614] pci_bus 0000:0f: resource 1 [mem 0xfc300000-0xfc3fffff]
[    0.999616] pci_bus 0000:0f: resource 2 [mem 0xe6900000-0xe69fffff 64bit pref]
[    0.999619] pci_bus 0000:10: resource 1 [mem 0xfbf00000-0xfbffffff]
[    0.999620] pci_bus 0000:10: resource 2 [mem 0xe6500000-0xe65fffff 64bit pref]
[    0.999623] pci_bus 0000:11: resource 1 [mem 0xfbb00000-0xfbbfffff]
[    0.999624] pci_bus 0000:11: resource 2 [mem 0xe6100000-0xe61fffff 64bit pref]
[    0.999625] pci_bus 0000:12: resource 1 [mem 0xfb700000-0xfb7fffff]
[    0.999626] pci_bus 0000:12: resource 2 [mem 0xe5d00000-0xe5dfffff 64bit pref]
[    0.999628] pci_bus 0000:13: resource 0 [io  0x6000-0x6fff]
[    0.999629] pci_bus 0000:13: resource 1 [mem 0xfd200000-0xfd2fffff]
[    0.999630] pci_bus 0000:13: resource 2 [mem 0xe7800000-0xe78fffff 64bit pref]
[    0.999631] pci_bus 0000:14: resource 0 [io  0xa000-0xafff]
[    0.999632] pci_bus 0000:14: resource 1 [mem 0xfce00000-0xfcefffff]
[    0.999633] pci_bus 0000:14: resource 2 [mem 0xe7400000-0xe74fffff 64bit pref]
[    0.999634] pci_bus 0000:15: resource 0 [io  0xe000-0xefff]
[    0.999636] pci_bus 0000:15: resource 1 [mem 0xfca00000-0xfcafffff]
[    0.999637] pci_bus 0000:15: resource 2 [mem 0xe7000000-0xe70fffff 64bit pref]
[    0.999639] pci_bus 0000:16: resource 1 [mem 0xfc600000-0xfc6fffff]
[    0.999641] pci_bus 0000:16: resource 2 [mem 0xe6c00000-0xe6cfffff 64bit pref]
[    0.999643] pci_bus 0000:17: resource 1 [mem 0xfc200000-0xfc2fffff]
[    0.999644] pci_bus 0000:17: resource 2 [mem 0xe6800000-0xe68fffff 64bit pref]
[    0.999646] pci_bus 0000:18: resource 1 [mem 0xfbe00000-0xfbefffff]
[    0.999648] pci_bus 0000:18: resource 2 [mem 0xe6400000-0xe64fffff 64bit pref]
[    0.999650] pci_bus 0000:19: resource 1 [mem 0xfba00000-0xfbafffff]
[    0.999651] pci_bus 0000:19: resource 2 [mem 0xe6000000-0xe60fffff 64bit pref]
[    0.999652] pci_bus 0000:1a: resource 1 [mem 0xfb600000-0xfb6fffff]
[    0.999653] pci_bus 0000:1a: resource 2 [mem 0xe5c00000-0xe5cfffff 64bit pref]
[    0.999654] pci_bus 0000:1b: resource 0 [io  0x7000-0x7fff]
[    0.999655] pci_bus 0000:1b: resource 1 [mem 0xfd100000-0xfd1fffff]
[    0.999656] pci_bus 0000:1b: resource 2 [mem 0xe7700000-0xe77fffff 64bit pref]
[    0.999657] pci_bus 0000:1c: resource 0 [io  0xb000-0xbfff]
[    0.999658] pci_bus 0000:1c: resource 1 [mem 0xfcd00000-0xfcdfffff]
[    0.999659] pci_bus 0000:1c: resource 2 [mem 0xe7300000-0xe73fffff 64bit pref]
[    0.999660] pci_bus 0000:1d: resource 1 [mem 0xfc900000-0xfc9fffff]
[    0.999661] pci_bus 0000:1d: resource 2 [mem 0xe6f00000-0xe6ffffff 64bit pref]
[    0.999662] pci_bus 0000:1e: resource 1 [mem 0xfc500000-0xfc5fffff]
[    0.999663] pci_bus 0000:1e: resource 2 [mem 0xe6b00000-0xe6bfffff 64bit pref]
[    0.999664] pci_bus 0000:1f: resource 1 [mem 0xfc100000-0xfc1fffff]
[    0.999665] pci_bus 0000:1f: resource 2 [mem 0xe6700000-0xe67fffff 64bit pref]
[    0.999666] pci_bus 0000:20: resource 1 [mem 0xfbd00000-0xfbdfffff]
[    0.999667] pci_bus 0000:20: resource 2 [mem 0xe6300000-0xe63fffff 64bit pref]
[    0.999668] pci_bus 0000:21: resource 1 [mem 0xfb900000-0xfb9fffff]
[    0.999669] pci_bus 0000:21: resource 2 [mem 0xe5f00000-0xe5ffffff 64bit pref]
[    0.999670] pci_bus 0000:22: resource 1 [mem 0xfb500000-0xfb5fffff]
[    0.999671] pci_bus 0000:22: resource 2 [mem 0xe5b00000-0xe5bfffff 64bit pref]
[    0.999897] pci 0000:00:00.0: Limiting direct PCI/PCI transfers
[    1.001429] pci 0000:02:01.0: CLS mismatch (32 != 64), using 64 bytes
[    1.002885] Unpacking initramfs...
[    1.005359] PCI-DMA: Using software bounce buffering for IO (SWIOTLB)
[    1.005360] software IO TLB: mapped [mem 0x00000000bbed0000-0x00000000bfed0000] (64MB)
[    1.005454] clocksource: tsc: mask: 0xffffffffffffffff max_cycles: 0x28681b31c8c, max_idle_ns: 440795302026 ns
[    1.005558] clocksource: Switched to clocksource tsc
[    1.008308] Initialise system trusted keyrings
[    1.008321] Key type blacklist registered
[    1.008461] workingset: timestamp_bits=36 max_order=22 bucket_order=0
[    1.010369] zbud: loaded
[    1.014905] squashfs: version 4.0 (2009/01/31) Phillip Lougher
[    1.015605] fuse: init (API version 7.34)
[    1.017073] integrity: Platform Keyring initialized
[    1.028342] Key type asymmetric registered
[    1.028344] Asymmetric key parser 'x509' registered
[    1.028419] Block layer SCSI generic (bsg) driver version 0.4 loaded (major 243)
[    1.028636] io scheduler mq-deadline registered
[    1.032009] pcieport 0000:00:15.0: PME: Signaling with IRQ 24
[    1.032139] pcieport 0000:00:15.0: pciehp: Slot #160 AttnBtn+ PwrCtrl+ MRL- AttnInd- PwrInd- HotPlug+ Surprise- Interlock- NoCompl+ IbPresDis- LLActRep+
[    1.033670] pcieport 0000:00:15.1: PME: Signaling with IRQ 25
[    1.033795] pcieport 0000:00:15.1: pciehp: Slot #161 AttnBtn+ PwrCtrl+ MRL- AttnInd- PwrInd- HotPlug+ Surprise- Interlock- NoCompl+ IbPresDis- LLActRep+
[    1.035133] pcieport 0000:00:15.2: PME: Signaling with IRQ 26
[    1.035250] pcieport 0000:00:15.2: pciehp: Slot #162 AttnBtn+ PwrCtrl+ MRL- AttnInd- PwrInd- HotPlug+ Surprise- Interlock- NoCompl+ IbPresDis- LLActRep+
[    1.036718] pcieport 0000:00:15.3: PME: Signaling with IRQ 27
[    1.036841] pcieport 0000:00:15.3: pciehp: Slot #163 AttnBtn+ PwrCtrl+ MRL- AttnInd- PwrInd- HotPlug+ Surprise- Interlock- NoCompl+ IbPresDis- LLActRep+
[    1.038282] pcieport 0000:00:15.4: PME: Signaling with IRQ 28
[    1.038417] pcieport 0000:00:15.4: pciehp: Slot #164 AttnBtn+ PwrCtrl+ MRL- AttnInd- PwrInd- HotPlug+ Surprise- Interlock- NoCompl+ IbPresDis- LLActRep+
[    1.039822] pcieport 0000:00:15.5: PME: Signaling with IRQ 29
[    1.039951] pcieport 0000:00:15.5: pciehp: Slot #165 AttnBtn+ PwrCtrl+ MRL- AttnInd- PwrInd- HotPlug+ Surprise- Interlock- NoCompl+ IbPresDis- LLActRep+
[    1.041546] pcieport 0000:00:15.6: PME: Signaling with IRQ 30
[    1.041678] pcieport 0000:00:15.6: pciehp: Slot #166 AttnBtn+ PwrCtrl+ MRL- AttnInd- PwrInd- HotPlug+ Surprise- Interlock- NoCompl+ IbPresDis- LLActRep+
[    1.043323] pcieport 0000:00:15.7: PME: Signaling with IRQ 31
[    1.043444] pcieport 0000:00:15.7: pciehp: Slot #167 AttnBtn+ PwrCtrl+ MRL- AttnInd- PwrInd- HotPlug+ Surprise- Interlock- NoCompl+ IbPresDis- LLActRep+
[    1.044915] pcieport 0000:00:16.0: PME: Signaling with IRQ 32
[    1.045032] pcieport 0000:00:16.0: pciehp: Slot #192 AttnBtn+ PwrCtrl+ MRL- AttnInd- PwrInd- HotPlug+ Surprise- Interlock- NoCompl+ IbPresDis- LLActRep+
[    1.046299] pcieport 0000:00:16.1: PME: Signaling with IRQ 33
[    1.046398] pcieport 0000:00:16.1: pciehp: Slot #193 AttnBtn+ PwrCtrl+ MRL- AttnInd- PwrInd- HotPlug+ Surprise- Interlock- NoCompl+ IbPresDis- LLActRep+
[    1.047596] pcieport 0000:00:16.2: PME: Signaling with IRQ 34
[    1.047693] pcieport 0000:00:16.2: pciehp: Slot #194 AttnBtn+ PwrCtrl+ MRL- AttnInd- PwrInd- HotPlug+ Surprise- Interlock- NoCompl+ IbPresDis- LLActRep+
[    1.048896] pcieport 0000:00:16.3: PME: Signaling with IRQ 35
[    1.048989] pcieport 0000:00:16.3: pciehp: Slot #195 AttnBtn+ PwrCtrl+ MRL- AttnInd- PwrInd- HotPlug+ Surprise- Interlock- NoCompl+ IbPresDis- LLActRep+
[    1.050502] pcieport 0000:00:16.4: PME: Signaling with IRQ 36
[    1.050667] pcieport 0000:00:16.4: pciehp: Slot #196 AttnBtn+ PwrCtrl+ MRL- AttnInd- PwrInd- HotPlug+ Surprise- Interlock- NoCompl+ IbPresDis- LLActRep+
[    1.052060] pcieport 0000:00:16.5: PME: Signaling with IRQ 37
[    1.052187] pcieport 0000:00:16.5: pciehp: Slot #197 AttnBtn+ PwrCtrl+ MRL- AttnInd- PwrInd- HotPlug+ Surprise- Interlock- NoCompl+ IbPresDis- LLActRep+
[    1.054252] pcieport 0000:00:16.6: PME: Signaling with IRQ 38
[    1.054374] pcieport 0000:00:16.6: pciehp: Slot #198 AttnBtn+ PwrCtrl+ MRL- AttnInd- PwrInd- HotPlug+ Surprise- Interlock- NoCompl+ IbPresDis- LLActRep+
[    1.056325] pcieport 0000:00:16.7: PME: Signaling with IRQ 39
[    1.056452] pcieport 0000:00:16.7: pciehp: Slot #199 AttnBtn+ PwrCtrl+ MRL- AttnInd- PwrInd- HotPlug+ Surprise- Interlock- NoCompl+ IbPresDis- LLActRep+
[    1.058005] pcieport 0000:00:17.0: PME: Signaling with IRQ 40
[    1.058125] pcieport 0000:00:17.0: pciehp: Slot #224 AttnBtn+ PwrCtrl+ MRL- AttnInd- PwrInd- HotPlug+ Surprise- Interlock- NoCompl+ IbPresDis- LLActRep+
[    1.059627] pcieport 0000:00:17.1: PME: Signaling with IRQ 41
[    1.059741] pcieport 0000:00:17.1: pciehp: Slot #225 AttnBtn+ PwrCtrl+ MRL- AttnInd- PwrInd- HotPlug+ Surprise- Interlock- NoCompl+ IbPresDis- LLActRep+
[    1.061278] pcieport 0000:00:17.2: PME: Signaling with IRQ 42
[    1.061394] pcieport 0000:00:17.2: pciehp: Slot #226 AttnBtn+ PwrCtrl+ MRL- AttnInd- PwrInd- HotPlug+ Surprise- Interlock- NoCompl+ IbPresDis- LLActRep+
[    1.062907] pcieport 0000:00:17.3: PME: Signaling with IRQ 43
[    1.063027] pcieport 0000:00:17.3: pciehp: Slot #227 AttnBtn+ PwrCtrl+ MRL- AttnInd- PwrInd- HotPlug+ Surprise- Interlock- NoCompl+ IbPresDis- LLActRep+
[    1.064565] pcieport 0000:00:17.4: PME: Signaling with IRQ 44
[    1.064896] pcieport 0000:00:17.4: pciehp: Slot #228 AttnBtn+ PwrCtrl+ MRL- AttnInd- PwrInd- HotPlug+ Surprise- Interlock- NoCompl+ IbPresDis- LLActRep+
[    1.066476] pcieport 0000:00:17.5: PME: Signaling with IRQ 45
[    1.066606] pcieport 0000:00:17.5: pciehp: Slot #229 AttnBtn+ PwrCtrl+ MRL- AttnInd- PwrInd- HotPlug+ Surprise- Interlock- NoCompl+ IbPresDis- LLActRep+
[    1.068101] pcieport 0000:00:17.6: PME: Signaling with IRQ 46
[    1.068225] pcieport 0000:00:17.6: pciehp: Slot #230 AttnBtn+ PwrCtrl+ MRL- AttnInd- PwrInd- HotPlug+ Surprise- Interlock- NoCompl+ IbPresDis- LLActRep+
[    1.069961] pcieport 0000:00:17.7: PME: Signaling with IRQ 47
[    1.070068] pcieport 0000:00:17.7: pciehp: Slot #231 AttnBtn+ PwrCtrl+ MRL- AttnInd- PwrInd- HotPlug+ Surprise- Interlock- NoCompl+ IbPresDis- LLActRep+
[    1.071886] pcieport 0000:00:18.0: PME: Signaling with IRQ 48
[    1.072006] pcieport 0000:00:18.0: pciehp: Slot #256 AttnBtn+ PwrCtrl+ MRL- AttnInd- PwrInd- HotPlug+ Surprise- Interlock- NoCompl+ IbPresDis- LLActRep+
[    1.073786] pcieport 0000:00:18.1: PME: Signaling with IRQ 49
[    1.073906] pcieport 0000:00:18.1: pciehp: Slot #257 AttnBtn+ PwrCtrl+ MRL- AttnInd- PwrInd- HotPlug+ Surprise- Interlock- NoCompl+ IbPresDis- LLActRep+
[    1.075516] pcieport 0000:00:18.2: PME: Signaling with IRQ 50
[    1.075647] pcieport 0000:00:18.2: pciehp: Slot #258 AttnBtn+ PwrCtrl+ MRL- AttnInd- PwrInd- HotPlug+ Surprise- Interlock- NoCompl+ IbPresDis- LLActRep+
[    1.077262] pcieport 0000:00:18.3: PME: Signaling with IRQ 51
[    1.077381] pcieport 0000:00:18.3: pciehp: Slot #259 AttnBtn+ PwrCtrl+ MRL- AttnInd- PwrInd- HotPlug+ Surprise- Interlock- NoCompl+ IbPresDis- LLActRep+
[    1.078920] pcieport 0000:00:18.4: PME: Signaling with IRQ 52
[    1.079060] pcieport 0000:00:18.4: pciehp: Slot #260 AttnBtn+ PwrCtrl+ MRL- AttnInd- PwrInd- HotPlug+ Surprise- Interlock- NoCompl+ IbPresDis- LLActRep+
[    1.080705] pcieport 0000:00:18.5: PME: Signaling with IRQ 53
[    1.080828] pcieport 0000:00:18.5: pciehp: Slot #261 AttnBtn+ PwrCtrl+ MRL- AttnInd- PwrInd- HotPlug+ Surprise- Interlock- NoCompl+ IbPresDis- LLActRep+
[    1.082483] pcieport 0000:00:18.6: PME: Signaling with IRQ 54
[    1.082610] pcieport 0000:00:18.6: pciehp: Slot #262 AttnBtn+ PwrCtrl+ MRL- AttnInd- PwrInd- HotPlug+ Surprise- Interlock- NoCompl+ IbPresDis- LLActRep+
[    1.083988] pcieport 0000:00:18.7: PME: Signaling with IRQ 55
[    1.084088] pcieport 0000:00:18.7: pciehp: Slot #263 AttnBtn+ PwrCtrl+ MRL- AttnInd- PwrInd- HotPlug+ Surprise- Interlock- NoCompl+ IbPresDis- LLActRep+
[    1.085057] shpchp: Standard Hot Plug PCI Controller Driver version: 0.4
[    1.085949] ACPI: AC: AC Adapter [ACAD] (on-line)
